Archive member included because of file (symbol)

d:/program files/atmel/studio/7.0/toolchain/arm/arm-gnu-toolchain/bin/../lib/gcc/arm-none-eabi/4.9.3/armv6-m\libgcc.a(_udivsi3.o)
                              src/ASF/common2/services/delay/sam0/systick_counter.o (__aeabi_uidiv)
d:/program files/atmel/studio/7.0/toolchain/arm/arm-gnu-toolchain/bin/../lib/gcc/arm-none-eabi/4.9.3/armv6-m\libgcc.a(_dvmd_tls.o)
                              d:/program files/atmel/studio/7.0/toolchain/arm/arm-gnu-toolchain/bin/../lib/gcc/arm-none-eabi/4.9.3/armv6-m\libgcc.a(_udivsi3.o) (__aeabi_idiv0)
d:/program files/atmel/studio/7.0/toolchain/arm/arm-gnu-toolchain/bin/../lib/gcc/arm-none-eabi/4.9.3/../../../../arm-none-eabi/lib/armv6-m\libc_nano.a(lib_a-exit.o)
                              d:/program files/atmel/studio/7.0/toolchain/arm/arm-gnu-toolchain/bin/../lib/gcc/arm-none-eabi/4.9.3/../../../../arm-none-eabi/lib/armv6-m/crt0.o (exit)
d:/program files/atmel/studio/7.0/toolchain/arm/arm-gnu-toolchain/bin/../lib/gcc/arm-none-eabi/4.9.3/../../../../arm-none-eabi/lib/armv6-m\libc_nano.a(lib_a-impure.o)
                              d:/program files/atmel/studio/7.0/toolchain/arm/arm-gnu-toolchain/bin/../lib/gcc/arm-none-eabi/4.9.3/../../../../arm-none-eabi/lib/armv6-m\libc_nano.a(lib_a-exit.o) (_global_impure_ptr)
d:/program files/atmel/studio/7.0/toolchain/arm/arm-gnu-toolchain/bin/../lib/gcc/arm-none-eabi/4.9.3/../../../../arm-none-eabi/lib/armv6-m\libc_nano.a(lib_a-init.o)
                              d:/program files/atmel/studio/7.0/toolchain/arm/arm-gnu-toolchain/bin/../lib/gcc/arm-none-eabi/4.9.3/../../../../arm-none-eabi/lib/armv6-m/crt0.o (__libc_init_array)
d:/program files/atmel/studio/7.0/toolchain/arm/arm-gnu-toolchain/bin/../lib/gcc/arm-none-eabi/4.9.3/../../../../arm-none-eabi/lib/armv6-m\libc_nano.a(lib_a-memcpy.o)
                              src/ASF/sam0/drivers/tc/tc_sam_d_r/tc.o (memcpy)
d:/program files/atmel/studio/7.0/toolchain/arm/arm-gnu-toolchain/bin/../lib/gcc/arm-none-eabi/4.9.3/../../../../arm-none-eabi/lib/armv6-m\libc_nano.a(lib_a-memset.o)
                              d:/program files/atmel/studio/7.0/toolchain/arm/arm-gnu-toolchain/bin/../lib/gcc/arm-none-eabi/4.9.3/../../../../arm-none-eabi/lib/armv6-m/crt0.o (memset)
d:/program files/atmel/studio/7.0/toolchain/arm/arm-gnu-toolchain/bin/../lib/gcc/arm-none-eabi/4.9.3/../../../../arm-none-eabi/lib/armv6-m\libc_nano.a(lib_a-printf.o)
                              src/ASF/sam0/utils/syscalls/gcc/syscalls.o (printf)
d:/program files/atmel/studio/7.0/toolchain/arm/arm-gnu-toolchain/bin/../lib/gcc/arm-none-eabi/4.9.3/../../../../arm-none-eabi/lib/armv6-m\libc_nano.a(lib_a-findfp.o)
                              d:/program files/atmel/studio/7.0/toolchain/arm/arm-gnu-toolchain/bin/../lib/gcc/arm-none-eabi/4.9.3/../../../../arm-none-eabi/lib/armv6-m\libc_nano.a(lib_a-printf.o) (__sinit)
d:/program files/atmel/studio/7.0/toolchain/arm/arm-gnu-toolchain/bin/../lib/gcc/arm-none-eabi/4.9.3/../../../../arm-none-eabi/lib/armv6-m\libc_nano.a(lib_a-fwalk.o)
                              d:/program files/atmel/studio/7.0/toolchain/arm/arm-gnu-toolchain/bin/../lib/gcc/arm-none-eabi/4.9.3/../../../../arm-none-eabi/lib/armv6-m\libc_nano.a(lib_a-findfp.o) (_fwalk)
d:/program files/atmel/studio/7.0/toolchain/arm/arm-gnu-toolchain/bin/../lib/gcc/arm-none-eabi/4.9.3/../../../../arm-none-eabi/lib/armv6-m\libc_nano.a(lib_a-nano-mallocr.o)
                              d:/program files/atmel/studio/7.0/toolchain/arm/arm-gnu-toolchain/bin/../lib/gcc/arm-none-eabi/4.9.3/../../../../arm-none-eabi/lib/armv6-m\libc_nano.a(lib_a-findfp.o) (_malloc_r)
d:/program files/atmel/studio/7.0/toolchain/arm/arm-gnu-toolchain/bin/../lib/gcc/arm-none-eabi/4.9.3/../../../../arm-none-eabi/lib/armv6-m\libc_nano.a(lib_a-nano-vfprintf.o)
                              d:/program files/atmel/studio/7.0/toolchain/arm/arm-gnu-toolchain/bin/../lib/gcc/arm-none-eabi/4.9.3/../../../../arm-none-eabi/lib/armv6-m\libc_nano.a(lib_a-printf.o) (_vfprintf_r)
d:/program files/atmel/studio/7.0/toolchain/arm/arm-gnu-toolchain/bin/../lib/gcc/arm-none-eabi/4.9.3/../../../../arm-none-eabi/lib/armv6-m\libc_nano.a(lib_a-nano-vfprintf_i.o)
                              d:/program files/atmel/studio/7.0/toolchain/arm/arm-gnu-toolchain/bin/../lib/gcc/arm-none-eabi/4.9.3/../../../../arm-none-eabi/lib/armv6-m\libc_nano.a(lib_a-nano-vfprintf.o) (_printf_i)
d:/program files/atmel/studio/7.0/toolchain/arm/arm-gnu-toolchain/bin/../lib/gcc/arm-none-eabi/4.9.3/../../../../arm-none-eabi/lib/armv6-m\libc_nano.a(lib_a-sbrkr.o)
                              d:/program files/atmel/studio/7.0/toolchain/arm/arm-gnu-toolchain/bin/../lib/gcc/arm-none-eabi/4.9.3/../../../../arm-none-eabi/lib/armv6-m\libc_nano.a(lib_a-nano-mallocr.o) (_sbrk_r)
d:/program files/atmel/studio/7.0/toolchain/arm/arm-gnu-toolchain/bin/../lib/gcc/arm-none-eabi/4.9.3/../../../../arm-none-eabi/lib/armv6-m\libc_nano.a(lib_a-stdio.o)
[...]
Memory Configuration

Name             Origin             Length             Attributes
rom              0x00000000         0x00010000         xr
ram              0x20000000         0x00002000         xrw
*default*        0x00000000         0xffffffff

Linker script and memory map

LOAD d:/program files/atmel/studio/7.0/toolchain/arm/arm-gnu-toolchain/bin/../lib/gcc/arm-none-eabi/4.9.3/armv6-m/crti.o
LOAD d:/program files/atmel/studio/7.0/toolchain/arm/arm-gnu-toolchain/bin/../lib/gcc/arm-none-eabi/4.9.3/armv6-m/crtbegin.o
LOAD d:/program files/atmel/studio/7.0/toolchain/arm/arm-gnu-toolchain/bin/../lib/gcc/arm-none-eabi/4.9.3/../../../../arm-none-eabi/lib/armv6-m/crt0.o
LOAD src/ASF/common2/services/delay/sam0/systick_counter.o
LOAD src/ASF/common/services/sleepmgr/samd/sleepmgr.o
LOAD src/ASF/sam0/drivers/events/events_hooks.o
LOAD src/ASF/sam0/drivers/events/events_sam_d_r/events.o
LOAD src/ASF/sam0/drivers/extint/extint_callback.o
LOAD src/ASF/sam0/drivers/extint/extint_sam_d_r/extint.o
LOAD src/ASF/sam0/drivers/port/port.o
LOAD src/ASF/sam0/drivers/tc/tc_sam_d_r/tc.o
LOAD src/ASF/sam0/drivers/tc/tc_interrupt.o
LOAD src/ASF/common2/boards/user_board/init.o
LOAD src/ASF/common/utils/interrupt/interrupt_sam_nvic.o
LOAD src/ASF/sam0/drivers/system/clock/clock_samd21_r21_da/clock.o
LOAD src/ASF/sam0/drivers/system/clock/clock_samd21_r21_da/gclk.o
LOAD src/ASF/sam0/drivers/system/interrupt/system_interrupt.o
LOAD src/ASF/sam0/drivers/system/pinmux/pinmux.o
LOAD src/ASF/sam0/drivers/system/system.o
LOAD src/ASF/sam0/utils/cmsis/samd21/source/gcc/startup_samd21.o
LOAD src/ASF/sam0/utils/cmsis/samd21/source/system_samd21.o
LOAD src/ASF/sam0/utils/syscalls/gcc/syscalls.o
LOAD src/main.o
START GROUP
LOAD ../src/ASF/thirdparty/CMSIS/Lib/GCC\libarm_cortexM0l_math.a
LOAD d:/program files/atmel/studio/7.0/toolchain/arm/arm-gnu-toolchain/bin/../lib/gcc/arm-none-eabi/4.9.3/../../../../arm-none-eabi/lib/armv6-m\libm.a
END GROUP
Address of section .text set to 0x1000
START GROUP
LOAD d:/program files/atmel/studio/7.0/toolchain/arm/arm-gnu-toolchain/bin/../lib/gcc/arm-none-eabi/4.9.3/armv6-m\libgcc.a
LOAD d:/program files/atmel/studio/7.0/toolchain/arm/arm-gnu-toolchain/bin/../lib/gcc/arm-none-eabi/4.9.3/../../../../arm-none-eabi/lib/armv6-m\libc_nano.a
END GROUP
START GROUP
LOAD d:/program files/atmel/studio/7.0/toolchain/arm/arm-gnu-toolchain/bin/../lib/gcc/arm-none-eabi/4.9.3/armv6-m\libgcc.a
LOAD d:/program files/atmel/studio/7.0/toolchain/arm/arm-gnu-toolchain/bin/../lib/gcc/arm-none-eabi/4.9.3/../../../../arm-none-eabi/lib/armv6-m\libc_nano.a
END GROUP
LOAD d:/program files/atmel/studio/7.0/toolchain/arm/arm-gnu-toolchain/bin/../lib/gcc/arm-none-eabi/4.9.3/armv6-m/crtend.o
LOAD d:/program files/atmel/studio/7.0/toolchain/arm/arm-gnu-toolchain/bin/../lib/gcc/arm-none-eabi/4.9.3/armv6-m/crtn.o
                0x00000800                STACK_SIZE = DEFINED (STACK_SIZE)?STACK_SIZE:DEFINED (__stack_size__)?__stack_size__:0x800

.text           0x00001000     0x1334
                0x00001000                . = ALIGN (0x4)
                0x00001000                _sfixed = .
 *(.vectors .vectors.*)
 .vectors       0x00001000       0xb4 src/ASF/sam0/utils/cmsis/samd21/source/gcc/startup_samd21.o
                0x00001000                exception_table
 *(.text .text.* .gnu.linkonce.t.*)
 .text          0x000010b4       0x60 d:/program files/atmel/studio/7.0/toolchain/arm/arm-gnu-toolchain/bin/../lib/gcc/arm-none-eabi/4.9.3/armv6-m/crtbegin.o
 .text.delay_init
                0x00001114       0x3c src/ASF/common2/services/delay/sam0/systick_counter.o
                0x00001114                delay_init
 .text.EVSYS_Handler
                0x00001150       0x3c src/ASF/sam0/drivers/events/events_hooks.o
                0x00001150                EVSYS_Handler
 .text._system_events_init
                0x0000118c       0x24 src/ASF/sam0/drivers/events/events_sam_d_r/events.o
                0x0000118c                _system_events_init
 .text.extint_register_callback
                0x000011b0       0x2c src/ASF/sam0/drivers/extint/extint_callback.o
                0x000011b0                extint_register_callback
 .text.extint_chan_enable_callback
                0x000011dc       0x20 src/ASF/sam0/drivers/extint/extint_callback.o
                0x000011dc                extint_chan_enable_callback
 .text.EIC_Handler
                0x000011fc       0x68 src/ASF/sam0/drivers/extint/extint_callback.o
                0x000011fc                EIC_Handler
 .text._extint_enable
                0x00001264       0x18 src/ASF/sam0/drivers/extint/extint_sam_d_r/extint.o
 .text._system_extint_init
                0x0000127c       0x6c src/ASF/sam0/drivers/extint/extint_sam_d_r/extint.o
                0x0000127c                _system_extint_init
 .text.extint_chan_get_config_defaults
                0x000012e8       0x14 src/ASF/sam0/drivers/extint/extint_sam_d_r/extint.o
                0x000012e8                extint_chan_get_config_defaults
 .text.extint_chan_set_config
                0x000012fc       0x78 src/ASF/sam0/drivers/extint/extint_sam_d_r/extint.o
                0x000012fc                extint_chan_set_config
 .text._tc_get_inst_index
                0x00001374       0x38 src/ASF/sam0/drivers/tc/tc_sam_d_r/tc.o
                0x00001374                _tc_get_inst_index
 .text.tc_init  0x000013ac      0x278 src/ASF/sam0/drivers/tc/tc_sam_d_r/tc.o
                0x000013ac                tc_init
 .text.tc_set_count_value
                0x00001624       0x38 src/ASF/sam0/drivers/tc/tc_sam_d_r/tc.o
                0x00001624                tc_set_count_value
 .text.tc_get_count_value
                0x0000165c       0x30 src/ASF/sam0/drivers/tc/tc_sam_d_r/tc.o
                0x0000165c                tc_get_count_value
 .text.tc_set_compare_value
                0x0000168c       0x54 src/ASF/sam0/drivers/tc/tc_sam_d_r/tc.o
                0x0000168c                tc_set_compare_value
 .text.tc_set_top_value
                0x000016e0       0x38 src/ASF/sam0/drivers/tc/tc_sam_d_r/tc.o
                0x000016e0                tc_set_top_value
 .text._tc_interrupt_handler
                0x00001718       0x5c src/ASF/sam0/drivers/tc/tc_interrupt.o
                0x00001718                _tc_interrupt_handler
 .text.TC3_Handler
                0x00001774       0x10 src/ASF/sam0/drivers/tc/tc_interrupt.o
                0x00001774                TC3_Handler
 .text.TC4_Handler
                0x00001784       0x10 src/ASF/sam0/drivers/tc/tc_interrupt.o
                0x00001784                TC4_Handler
 .text.TC5_Handler
                0x00001794       0x10 src/ASF/sam0/drivers/tc/tc_interrupt.o
                0x00001794                TC5_Handler
 .text.system_board_init
                0x000017a4        0x4 src/ASF/common2/boards/user_board/init.o
                0x000017a4                board_init
                0x000017a4                system_board_init
 .text.cpu_irq_enter_critical
                0x000017a8       0x40 src/ASF/common/utils/interrupt/interrupt_sam_nvic.o
                0x000017a8                cpu_irq_enter_critical
 .text.cpu_irq_leave_critical
                0x000017e8       0x30 src/ASF/common/utils/interrupt/interrupt_sam_nvic.o
                0x000017e8                cpu_irq_leave_critical
 .text.system_clock_source_get_hz
                0x00001818       0x90 src/ASF/sam0/drivers/system/clock/clock_samd21_r21_da/clock.o
                0x00001818                system_clock_source_get_hz
 .text.system_clock_source_osc8m_set_config
                0x000018a8       0x3c src/ASF/sam0/drivers/system/clock/clock_samd21_r21_da/clock.o
                0x000018a8                system_clock_source_osc8m_set_config
 .text.system_clock_source_enable
                0x000018e4       0xa8 src/ASF/sam0/drivers/system/clock/clock_samd21_r21_da/clock.o
                0x000018e4                system_clock_source_enable
 .text.system_clock_init
                0x0000198c       0x98 src/ASF/sam0/drivers/system/clock/clock_samd21_r21_da/clock.o
                0x0000198c                system_clock_init
 .text.system_gclk_init
                0x00001a24       0x24 src/ASF/sam0/drivers/system/clock/clock_samd21_r21_da/gclk.o
                0x00001a24                system_gclk_init
 .text.system_gclk_gen_set_config
                0x00001a48       0xb8 src/ASF/sam0/drivers/system/clock/clock_samd21_r21_da/gclk.o
                0x00001a48                system_gclk_gen_set_config
 .text.system_gclk_gen_enable
                0x00001b00       0x44 src/ASF/sam0/drivers/system/clock/clock_samd21_r21_da/gclk.o
                0x00001b00                system_gclk_gen_enable
 .text.system_gclk_gen_get_hz
                0x00001b44       0x8c src/ASF/sam0/drivers/system/clock/clock_samd21_r21_da/gclk.o
                0x00001b44                system_gclk_gen_get_hz
 .text.system_gclk_chan_enable
                0x00001bd0       0x30 src/ASF/sam0/drivers/system/clock/clock_samd21_r21_da/gclk.o
                0x00001bd0                system_gclk_chan_enable
 .text.system_gclk_chan_disable
                0x00001c00       0x5c src/ASF/sam0/drivers/system/clock/clock_samd21_r21_da/gclk.o
                0x00001c00                system_gclk_chan_disable
 .text.system_gclk_chan_set_config
                0x00001c5c       0x1c src/ASF/sam0/drivers/system/clock/clock_samd21_r21_da/gclk.o
                0x00001c5c                system_gclk_chan_set_config
 .text.system_gclk_chan_get_hz
                0x00001c78       0x34 src/ASF/sam0/drivers/system/clock/clock_samd21_r21_da/gclk.o
                0x00001c78                system_gclk_chan_get_hz
 .text._system_pinmux_config
                0x00001cac       0xa8 src/ASF/sam0/drivers/system/pinmux/pinmux.o
 .text.system_pinmux_pin_set_config
                0x00001d54       0x30 src/ASF/sam0/drivers/system/pinmux/pinmux.o
                0x00001d54                system_pinmux_pin_set_config
 .text._system_dummy_init
                0x00001d84        0x4 src/ASF/sam0/drivers/system/system.o
                0x00001d84                _system_dummy_init
                0x00001d84                _system_divas_init
 .text.system_init
                0x00001d88       0x2c src/ASF/sam0/drivers/system/system.o
                0x00001d88                system_init
 .text.Dummy_Handler
                0x00001db4        0x4 src/ASF/sam0/utils/cmsis/samd21/source/gcc/startup_samd21.o
                0x00001db4                DMAC_Handler
                0x00001db4                HardFault_Handler
                0x00001db4                AC_Handler
                0x00001db4                SysTick_Handler
                0x00001db4                PendSV_Handler
                0x00001db4                NMI_Handler
                0x00001db4                SERCOM1_Handler
                0x00001db4                ADC_Handler
                0x00001db4                TCC1_Handler
                0x00001db4                SERCOM2_Handler
                0x00001db4                TCC0_Handler
                0x00001db4                RTC_Handler
                0x00001db4                WDT_Handler
                0x00001db4                USB_Handler
                0x00001db4                Dummy_Handler
                0x00001db4                PM_Handler
                0x00001db4                SERCOM5_Handler
                0x00001db4                SVC_Handler
                0x00001db4                TCC2_Handler
                0x00001db4                SERCOM3_Handler
                0x00001db4                SERCOM4_Handler
                0x00001db4                I2S_Handler
                0x00001db4                NVMCTRL_Handler
                0x00001db4                SERCOM0_Handler
                0x00001db4                DAC_Handler
                0x00001db4                PTC_Handler
                0x00001db4                SYSCTRL_Handler
 .text.Reset_Handler
                0x00001db8       0xf8 src/ASF/sam0/utils/cmsis/samd21/source/gcc/startup_samd21.o
                0x00001db8                Reset_Handler
 .text.extint_detection_callback
                0x00001eb0       0x74 src/main.o
                0x00001eb0                extint_detection_callback
 .text.configure_tc
                0x00001f24      0x140 src/main.o
                0x00001f24                configure_tc
 .text.configure_extint_channel
                0x00002064       0x30 src/main.o
                0x00002064                configure_extint_channel
 .text.configure_extint_callbacks
                0x00002094       0x24 src/main.o
                0x00002094                configure_extint_callbacks
 .text.main     0x000020b8       0x78 src/main.o
                0x000020b8                main
 .text          0x00002130      0x120 d:/program files/atmel/studio/7.0/toolchain/arm/arm-gnu-toolchain/bin/../lib/gcc/arm-none-eabi/4.9.3/armv6-m\libgcc.a(_udivsi3.o)
                0x00002130                __aeabi_uidiv
                0x00002130                __udivsi3
                0x0000223c                __aeabi_uidivmod
 .text          0x00002250        0x4 d:/program files/atmel/studio/7.0/toolchain/arm/arm-gnu-toolchain/bin/../lib/gcc/arm-none-eabi/4.9.3/armv6-m\libgcc.a(_dvmd_tls.o)
                0x00002250                __aeabi_idiv0
                0x00002250                __aeabi_ldiv0
 .text.__libc_init_array
                0x00002254       0x4c d:/program files/atmel/studio/7.0/toolchain/arm/arm-gnu-toolchain/bin/../lib/gcc/arm-none-eabi/4.9.3/../../../../arm-none-eabi/lib/armv6-m\libc_nano.a(lib_a-init.o)
                0x00002254                __libc_init_array
 .text.memcpy   0x000022a0       0x12 d:/program files/atmel/studio/7.0/toolchain/arm/arm-gnu-toolchain/bin/../lib/gcc/arm-none-eabi/4.9.3/../../../../arm-none-eabi/lib/armv6-m\libc_nano.a(lib_a-memcpy.o)
                0x000022a0                memcpy
 *(.glue_7t)
 .glue_7t       0x00000000        0x0 linker stubs
 *(.glue_7)
 .glue_7        0x00000000        0x0 linker stubs
 *(.rodata .rodata* .gnu.linkonce.r.*)
 *fill*         0x000022b2        0x2 
 .rodata        0x000022b4       0x16 src/ASF/sam0/drivers/tc/tc_sam_d_r/tc.o
 *fill*         0x000022ca        0x2 
 .rodata.system_clock_source_get_hz
                0x000022cc       0x24 src/ASF/sam0/drivers/system/clock/clock_samd21_r21_da/clock.o
 .rodata.system_clock_source_enable
                0x000022f0       0x24 src/ASF/sam0/drivers/system/clock/clock_samd21_r21_da/clock.o
 *(.ARM.extab* .gnu.linkonce.armextab.*)
                0x00002314                . = ALIGN (0x4)
 *(.init)
 .init          0x00002314        0x4 d:/program files/atmel/studio/7.0/toolchain/arm/arm-gnu-toolchain/bin/../lib/gcc/arm-none-eabi/4.9.3/armv6-m/crti.o
                0x00002314                _init
 .init          0x00002318        0x8 d:/program files/atmel/studio/7.0/toolchain/arm/arm-gnu-toolchain/bin/../lib/gcc/arm-none-eabi/4.9.3/armv6-m/crtn.o
                0x00002320                . = ALIGN (0x4)
                0x00002320                __preinit_array_start = .
 *(.preinit_array)
                0x00002320                __preinit_array_end = .
                0x00002320                . = ALIGN (0x4)
                0x00002320                __init_array_start = .
 *(SORT(.init_array.*))
 *(.init_array)
 .init_array    0x00002320        0x4 d:/program files/atmel/studio/7.0/toolchain/arm/arm-gnu-toolchain/bin/../lib/gcc/arm-none-eabi/4.9.3/armv6-m/crtbegin.o
                0x00002324                __init_array_end = .
                0x00002324                . = ALIGN (0x4)
 *crtbegin.o(.ctors)
 *(EXCLUDE_FILE(*crtend.o) .ctors)
 *(SORT(.ctors.*))
 *crtend.o(.ctors)
                0x00002324                . = ALIGN (0x4)
 *(.fini)
 .fini          0x00002324        0x4 d:/program files/atmel/studio/7.0/toolchain/arm/arm-gnu-toolchain/bin/../lib/gcc/arm-none-eabi/4.9.3/armv6-m/crti.o
                0x00002324                _fini
 .fini          0x00002328        0x8 d:/program files/atmel/studio/7.0/toolchain/arm/arm-gnu-toolchain/bin/../lib/gcc/arm-none-eabi/4.9.3/armv6-m/crtn.o
                0x00002330                . = ALIGN (0x4)
                0x00002330                __fini_array_start = .
 *(.fini_array)
 .fini_array    0x00002330        0x4 d:/program files/atmel/studio/7.0/toolchain/arm/arm-gnu-toolchain/bin/../lib/gcc/arm-none-eabi/4.9.3/armv6-m/crtbegin.o
 *(SORT(.fini_array.*))
                0x00002334                __fini_array_end = .
 *crtbegin.o(.dtors)
 *(EXCLUDE_FILE(*crtend.o) .dtors)
 *(SORT(.dtors.*))
 *crtend.o(.dtors)
                0x00002334                . = ALIGN (0x4)
                0x00002334                _efixed = .
                0x00002334                PROVIDE (__exidx_start, .)

.vfp11_veneer   0x00002334        0x0
 .vfp11_veneer  0x00000000        0x0 linker stubs

.v4_bx          0x00002334        0x0
 .v4_bx         0x00000000        0x0 linker stubs

.iplt           0x00002334        0x0
 .iplt          0x00000000        0x0 d:/program files/atmel/studio/7.0/toolchain/arm/arm-gnu-toolchain/bin/../lib/gcc/arm-none-eabi/4.9.3/armv6-m/crtbegin.o

.eh_frame       0x00002334        0x0
 .eh_frame      0x00002334        0x0 d:/program files/atmel/studio/7.0/toolchain/arm/arm-gnu-toolchain/bin/../lib/gcc/arm-none-eabi/4.9.3/armv6-m/crtbegin.o

.rel.dyn        0x00002334        0x0
 .rel.iplt      0x00000000        0x0 d:/program files/atmel/studio/7.0/toolchain/arm/arm-gnu-toolchain/bin/../lib/gcc/arm-none-eabi/4.9.3/armv6-m/crtbegin.o

.jcr            0x00002334        0x0
 .jcr           0x00002334        0x0 d:/program files/atmel/studio/7.0/toolchain/arm/arm-gnu-toolchain/bin/../lib/gcc/arm-none-eabi/4.9.3/armv6-m/crtbegin.o

.igot.plt       0x00002334        0x0
 .igot.plt      0x00000000        0x0 d:/program files/atmel/studio/7.0/toolchain/arm/arm-gnu-toolchain/bin/../lib/gcc/arm-none-eabi/4.9.3/armv6-m/crtbegin.o

.ARM.exidx
 *(.ARM.exidx* .gnu.linkonce.armexidx.*)
                0x00002334                PROVIDE (__exidx_end, .)
                0x00002334                . = ALIGN (0x4)
                0x00002334                _etext = .

.relocate       0x20000000       0x20 load address 0x00002334
                0x20000000                . = ALIGN (0x4)
                0x20000000                _srelocate = .
 *(.ramfunc .ramfunc.*)
 *(.data .data.*)
 .data.cycles_per_us
                0x20000000        0x4 src/ASF/common2/services/delay/sam0/systick_counter.o
 .data.cycles_per_ms
                0x20000004        0x4 src/ASF/common2/services/delay/sam0/systick_counter.o
 .data._events_inst
                0x20000008       0x14 src/ASF/sam0/drivers/events/events_sam_d_r/events.o
                0x20000008                _events_inst
 .data.g_interrupt_enabled
                0x2000001c        0x1 src/ASF/common/utils/interrupt/interrupt_sam_nvic.o
                0x2000001c                g_interrupt_enabled
                0x20000020                . = ALIGN (0x4)
 *fill*         0x2000001d        0x3 
                0x20000020                _erelocate = .

.bss            0x20000020       0xe0 load address 0x00002354
                0x20000020                . = ALIGN (0x4)
                0x20000020                _sbss = .
                0x20000020                _szero = .
 *(.bss .bss.*)
 .bss           0x20000020       0x1c d:/program files/atmel/studio/7.0/toolchain/arm/arm-gnu-toolchain/bin/../lib/gcc/arm-none-eabi/4.9.3/armv6-m/crtbegin.o
 .bss.cpu_irq_critical_section_counter
                0x2000003c        0x4 src/ASF/common/utils/interrupt/interrupt_sam_nvic.o
 .bss.cpu_irq_prev_interrupt_state
                0x20000040        0x1 src/ASF/common/utils/interrupt/interrupt_sam_nvic.o
 *fill*         0x20000041        0x3 
 .bss._system_clock_inst
                0x20000044       0x18 src/ASF/sam0/drivers/system/clock/clock_samd21_r21_da/clock.o
 *(COMMON)
 COMMON         0x2000005c        0x1 src/ASF/sam0/drivers/extint/extint_callback.o
                0x2000005c                _current_channel
 *fill*         0x2000005d        0x3 
 COMMON         0x20000060       0x40 src/ASF/sam0/drivers/extint/extint_sam_d_r/extint.o
                0x20000060                _extint_dev
 COMMON         0x200000a0        0xc src/ASF/sam0/drivers/tc/tc_interrupt.o
                0x200000a0                _tc_instances
 COMMON         0x200000ac       0x54 src/main.o
                0x200000ac                tc_pwr_led_out
                0x200000c8                tc_servo_in
                0x200000e4                tc_blu_led_out
                0x20000100                . = ALIGN (0x4)
                0x20000100                _ebss = .
                0x20000100                _ezero = .

.stack          0x20000100      0x800 load address 0x00002434
                0x20000100                . = ALIGN (0x8)
                0x20000100                _sstack = .
                0x20000900                . = (. + STACK_SIZE)
 *fill*         0x20000100      0x800 
                0x20000900                . = ALIGN (0x8)
                0x20000900                _estack = .
                0x20000900                . = ALIGN (0x4)
                0x20000900                _end = .
OUTPUT(DroneLight.elf elf32-littlearm)

.ARM.attributes
                0x00000000       0x28
 .ARM.attributes
                0x00000000       0x1e d:/program files/atmel/studio/7.0/toolchain/arm/arm-gnu-toolchain/bin/../lib/gcc/arm-none-eabi/4.9.3/armv6-m/crti.o
 .ARM.attributes
                0x0000001e       0x2c d:/program files/atmel/studio/7.0/toolchain/arm/arm-gnu-toolchain/bin/../lib/gcc/arm-none-eabi/4.9.3/armv6-m/crtbegin.o
 .ARM.attributes
                0x0000004a       0x32 src/ASF/common2/services/delay/sam0/systick_counter.o
 .ARM.attributes
                0x0000007c       0x32 src/ASF/sam0/drivers/events/events_hooks.o
 .ARM.attributes
                0x000000ae       0x32 src/ASF/sam0/drivers/events/events_sam_d_r/events.o
 .ARM.attributes
                0x000000e0       0x32 src/ASF/sam0/drivers/extint/extint_callback.o
 .ARM.attributes
                0x00000112       0x32 src/ASF/sam0/drivers/extint/extint_sam_d_r/extint.o
 .ARM.attributes
                0x00000144       0x32 src/ASF/sam0/drivers/tc/tc_sam_d_r/tc.o
 .ARM.attributes
                0x00000176       0x32 src/ASF/sam0/drivers/tc/tc_interrupt.o
 .ARM.attributes
                0x000001a8       0x32 src/ASF/common2/boards/user_board/init.o
 .ARM.attributes
                0x000001da       0x32 src/ASF/common/utils/interrupt/interrupt_sam_nvic.o
 .ARM.attributes
                0x0000020c       0x32 src/ASF/sam0/drivers/system/clock/clock_samd21_r21_da/clock.o
 .ARM.attributes
                0x0000023e       0x32 src/ASF/sam0/drivers/system/clock/clock_samd21_r21_da/gclk.o
 .ARM.attributes
                0x00000270       0x32 src/ASF/sam0/drivers/system/pinmux/pinmux.o
 .ARM.attributes
                0x000002a2       0x32 src/ASF/sam0/drivers/system/system.o
 .ARM.attributes
                0x000002d4       0x32 src/ASF/sam0/utils/cmsis/samd21/source/gcc/startup_samd21.o
 .ARM.attributes
                0x00000306       0x32 src/main.o
 .ARM.attributes
                0x00000338       0x1e d:/program files/atmel/studio/7.0/toolchain/arm/arm-gnu-toolchain/bin/../lib/gcc/arm-none-eabi/4.9.3/armv6-m\libgcc.a(_udivsi3.o)
 .ARM.attributes
                0x00000356       0x1e d:/program files/atmel/studio/7.0/toolchain/arm/arm-gnu-toolchain/bin/../lib/gcc/arm-none-eabi/4.9.3/armv6-m\libgcc.a(_dvmd_tls.o)
 .ARM.attributes
                0x00000374       0x2c d:/program files/atmel/studio/7.0/toolchain/arm/arm-gnu-toolchain/bin/../lib/gcc/arm-none-eabi/4.9.3/../../../../arm-none-eabi/lib/armv6-m\libc_nano.a(lib_a-init.o)
 .ARM.attributes
                0x000003a0       0x2c d:/program files/atmel/studio/7.0/toolchain/arm/arm-gnu-toolchain/bin/../lib/gcc/arm-none-eabi/4.9.3/../../../../arm-none-eabi/lib/armv6-m\libc_nano.a(lib_a-memcpy.o)
 .ARM.attributes
                0x000003cc       0x1e d:/program files/atmel/studio/7.0/toolchain/arm/arm-gnu-toolchain/bin/../lib/gcc/arm-none-eabi/4.9.3/armv6-m/crtn.o

.comment        0x00000000       0x5b
 .comment       0x00000000       0x5b src/ASF/common2/services/delay/sam0/systick_counter.o
                                 0x5c (size before relaxing)
 .comment       0x00000000       0x5c src/ASF/sam0/drivers/events/events_hooks.o
 .comment       0x00000000       0x5c src/ASF/sam0/drivers/events/events_sam_d_r/events.o
 .comment       0x00000000       0x5c src/ASF/sam0/drivers/extint/extint_callback.o
 .comment       0x00000000       0x5c src/ASF/sam0/drivers/extint/extint_sam_d_r/extint.o
 .comment       0x00000000       0x5c src/ASF/sam0/drivers/tc/tc_sam_d_r/tc.o
 .comment       0x00000000       0x5c src/ASF/sam0/drivers/tc/tc_interrupt.o
 .comment       0x00000000       0x5c src/ASF/common2/boards/user_board/init.o
 .comment       0x00000000       0x5c src/ASF/common/utils/interrupt/interrupt_sam_nvic.o
 .comment       0x00000000       0x5c src/ASF/sam0/drivers/system/clock/clock_samd21_r21_da/clock.o
 .comment       0x00000000       0x5c src/ASF/sam0/drivers/system/clock/clock_samd21_r21_da/gclk.o
 .comment       0x00000000       0x5c src/ASF/sam0/drivers/system/pinmux/pinmux.o
 .comment       0x00000000       0x5c src/ASF/sam0/drivers/system/system.o
 .comment       0x00000000       0x5c src/ASF/sam0/utils/cmsis/samd21/source/gcc/startup_samd21.o
 .comment       0x00000000       0x5c src/main.o

.debug_info     0x00000000    0x156f9
 .debug_info    0x00000000      0x269 src/ASF/common2/services/delay/sam0/systick_counter.o
 .debug_info    0x00000269     0x12c3 src/ASF/sam0/drivers/events/events_hooks.o
 .debug_info    0x0000152c     0x1e11 src/ASF/sam0/drivers/events/events_sam_d_r/events.o
 .debug_info    0x0000333d     0x10aa src/ASF/sam0/drivers/extint/extint_callback.o
 .debug_info    0x000043e7     0x21d6 src/ASF/sam0/drivers/extint/extint_sam_d_r/extint.o
 .debug_info    0x000065bd     0x2656 src/ASF/sam0/drivers/tc/tc_sam_d_r/tc.o
 .debug_info    0x00008c13     0x1241 src/ASF/sam0/drivers/tc/tc_interrupt.o
 .debug_info    0x00009e54      0x156 src/ASF/common2/boards/user_board/init.o
 .debug_info    0x00009faa      0x1ec src/ASF/common/utils/interrupt/interrupt_sam_nvic.o
 .debug_info    0x0000a196     0x2d9e src/ASF/sam0/drivers/system/clock/clock_samd21_r21_da/clock.o
 .debug_info    0x0000cf34     0x1556 src/ASF/sam0/drivers/system/clock/clock_samd21_r21_da/gclk.o
 .debug_info    0x0000e48a      0xac4 src/ASF/sam0/drivers/system/pinmux/pinmux.o
 .debug_info    0x0000ef4e      0x17a src/ASF/sam0/drivers/system/system.o
 .debug_info    0x0000f0c8     0x3a7c src/ASF/sam0/utils/cmsis/samd21/source/gcc/startup_samd21.o
 .debug_info    0x00012b44     0x2bb5 src/main.o

.debug_abbrev   0x00000000     0x2603
 .debug_abbrev  0x00000000      0x13c src/ASF/common2/services/delay/sam0/systick_counter.o
 .debug_abbrev  0x0000013c      0x297 src/ASF/sam0/drivers/events/events_hooks.o
 .debug_abbrev  0x000003d3      0x3e6 src/ASF/sam0/drivers/events/events_sam_d_r/events.o
 .debug_abbrev  0x000007b9      0x297 src/ASF/sam0/drivers/extint/extint_callback.o
 .debug_abbrev  0x00000a50      0x3fc src/ASF/sam0/drivers/extint/extint_sam_d_r/extint.o
 .debug_abbrev  0x00000e4c      0x3ab src/ASF/sam0/drivers/tc/tc_sam_d_r/tc.o
 .debug_abbrev  0x000011f7      0x259 src/ASF/sam0/drivers/tc/tc_interrupt.o
 .debug_abbrev  0x00001450       0xa1 src/ASF/common2/boards/user_board/init.o
 .debug_abbrev  0x000014f1       0xf6 src/ASF/common/utils/interrupt/interrupt_sam_nvic.o
 .debug_abbrev  0x000015e7      0x3ba src/ASF/sam0/drivers/system/clock/clock_samd21_r21_da/clock.o
 .debug_abbrev  0x000019a1      0x327 src/ASF/sam0/drivers/system/clock/clock_samd21_r21_da/gclk.o
 .debug_abbrev  0x00001cc8      0x2ce src/ASF/sam0/drivers/system/pinmux/pinmux.o
 .debug_abbrev  0x00001f96       0xb9 src/ASF/sam0/drivers/system/system.o
 .debug_abbrev  0x0000204f      0x211 src/ASF/sam0/utils/cmsis/samd21/source/gcc/startup_samd21.o
 .debug_abbrev  0x00002260      0x3a3 src/main.o

.debug_loc      0x00000000     0x3b93
 .debug_loc     0x00000000       0xe4 src/ASF/common2/services/delay/sam0/systick_counter.o
 .debug_loc     0x000000e4      0x4a6 src/ASF/sam0/drivers/events/events_hooks.o
 .debug_loc     0x0000058a      0x44d src/ASF/sam0/drivers/events/events_sam_d_r/events.o
 .debug_loc     0x000009d7      0x215 src/ASF/sam0/drivers/extint/extint_callback.o
 .debug_loc     0x00000bec      0x40a src/ASF/sam0/drivers/extint/extint_sam_d_r/extint.o
 .debug_loc     0x00000ff6      0xfef src/ASF/sam0/drivers/tc/tc_sam_d_r/tc.o
 .debug_loc     0x00001fe5      0x17d src/ASF/sam0/drivers/tc/tc_interrupt.o
 .debug_loc     0x00002162       0x1e src/ASF/common/utils/interrupt/interrupt_sam_nvic.o
 .debug_loc     0x00002180      0xf45 src/ASF/sam0/drivers/system/clock/clock_samd21_r21_da/clock.o
 .debug_loc     0x000030c5      0x51e src/ASF/sam0/drivers/system/clock/clock_samd21_r21_da/gclk.o
 .debug_loc     0x000035e3      0x37a src/ASF/sam0/drivers/system/pinmux/pinmux.o
 .debug_loc     0x0000395d       0x20 src/ASF/sam0/drivers/system/system.o
 .debug_loc     0x0000397d       0x20 src/ASF/sam0/utils/cmsis/samd21/source/gcc/startup_samd21.o
 .debug_loc     0x0000399d      0x1f6 src/main.o

.debug_aranges  0x00000000      0x450
 .debug_aranges
                0x00000000       0x30 src/ASF/common2/services/delay/sam0/systick_counter.o
 .debug_aranges
                0x00000030       0x58 src/ASF/sam0/drivers/events/events_hooks.o
 .debug_aranges
                0x00000088       0x80 src/ASF/sam0/drivers/events/events_sam_d_r/events.o
 .debug_aranges
                0x00000108       0x48 src/ASF/sam0/drivers/extint/extint_callback.o
 .debug_aranges
                0x00000150       0x50 src/ASF/sam0/drivers/extint/extint_sam_d_r/extint.o
 .debug_aranges
                0x000001a0       0x58 src/ASF/sam0/drivers/tc/tc_sam_d_r/tc.o
 .debug_aranges
                0x000001f8       0x48 src/ASF/sam0/drivers/tc/tc_interrupt.o
 .debug_aranges
                0x00000240       0x20 src/ASF/common2/boards/user_board/init.o
 .debug_aranges
                0x00000260       0x28 src/ASF/common/utils/interrupt/interrupt_sam_nvic.o
 .debug_aranges
                0x00000288       0x78 src/ASF/sam0/drivers/system/clock/clock_samd21_r21_da/clock.o
 .debug_aranges
                0x00000300       0x80 src/ASF/sam0/drivers/system/clock/clock_samd21_r21_da/gclk.o
 .debug_aranges
                0x00000380       0x40 src/ASF/sam0/drivers/system/pinmux/pinmux.o
 .debug_aranges
                0x000003c0       0x28 src/ASF/sam0/drivers/system/system.o
 .debug_aranges
                0x000003e8       0x28 src/ASF/sam0/utils/cmsis/samd21/source/gcc/startup_samd21.o
 .debug_aranges
                0x00000410       0x40 src/main.o

.debug_ranges   0x00000000      0x458
 .debug_ranges  0x00000000       0x50 src/ASF/common2/services/delay/sam0/systick_counter.o
 .debug_ranges  0x00000050       0x48 src/ASF/sam0/drivers/events/events_hooks.o
 .debug_ranges  0x00000098       0xb0 src/ASF/sam0/drivers/events/events_sam_d_r/events.o
 .debug_ranges  0x00000148       0x60 src/ASF/sam0/drivers/extint/extint_callback.o
 .debug_ranges  0x000001a8       0x40 src/ASF/sam0/drivers/extint/extint_sam_d_r/extint.o
 .debug_ranges  0x000001e8       0x90 src/ASF/sam0/drivers/tc/tc_sam_d_r/tc.o
 .debug_ranges  0x00000278       0x38 src/ASF/sam0/drivers/tc/tc_interrupt.o
 .debug_ranges  0x000002b0       0x10 src/ASF/common2/boards/user_board/init.o
 .debug_ranges  0x000002c0       0x18 src/ASF/common/utils/interrupt/interrupt_sam_nvic.o
 .debug_ranges  0x000002d8       0x68 src/ASF/sam0/drivers/system/clock/clock_samd21_r21_da/clock.o
 .debug_ranges  0x00000340       0x70 src/ASF/sam0/drivers/system/clock/clock_samd21_r21_da/gclk.o
 .debug_ranges  0x000003b0       0x30 src/ASF/sam0/drivers/system/pinmux/pinmux.o
 .debug_ranges  0x000003e0       0x18 src/ASF/sam0/drivers/system/system.o
 .debug_ranges  0x000003f8       0x18 src/ASF/sam0/utils/cmsis/samd21/source/gcc/startup_samd21.o
 .debug_ranges  0x00000410       0x48 src/main.o

.debug_macro    0x00000000    0x1811f
 .debug_macro   0x00000000      0x4bd src/ASF/common2/services/delay/sam0/systick_counter.o
 .debug_macro   0x000004bd      0x856 src/ASF/common2/services/delay/sam0/systick_counter.o
 .debug_macro   0x00000d13      0x166 src/ASF/common2/services/delay/sam0/systick_counter.o
 .debug_macro   0x00000e79      0x644 src/ASF/common2/services/delay/sam0/systick_counter.o
 .debug_macro   0x000014bd       0x22 src/ASF/common2/services/delay/sam0/systick_counter.o
 .debug_macro   0x000014df       0x44 src/ASF/common2/services/delay/sam0/systick_counter.o
 .debug_macro   0x00001523       0x58 src/ASF/common2/services/delay/sam0/systick_counter.o
 .debug_macro   0x0000157b       0x22 src/ASF/common2/services/delay/sam0/systick_counter.o
 .debug_macro   0x0000159d      0x1df src/ASF/common2/services/delay/sam0/systick_counter.o
 .debug_macro   0x0000177c       0x10 src/ASF/common2/services/delay/sam0/systick_counter.o
 .debug_macro   0x0000178c       0x76 src/ASF/common2/services/delay/sam0/systick_counter.o
 .debug_macro   0x00001802       0x16 src/ASF/common2/services/delay/sam0/systick_counter.o
 .debug_macro   0x00001818      0x6e5 src/ASF/common2/services/delay/sam0/systick_counter.o
 .debug_macro   0x00001efd      0xde2 src/ASF/common2/services/delay/sam0/systick_counter.o
 .debug_macro   0x00002cdf       0x22 src/ASF/common2/services/delay/sam0/systick_counter.o
 .debug_macro   0x00002d01       0x40 src/ASF/common2/services/delay/sam0/systick_counter.o
 .debug_macro   0x00002d41       0x3a src/ASF/common2/services/delay/sam0/systick_counter.o
 .debug_macro   0x00002d7b       0x1f src/ASF/common2/services/delay/sam0/systick_counter.o
 .debug_macro   0x00002d9a      0x250 src/ASF/common2/services/delay/sam0/systick_counter.o
 .debug_macro   0x00002fea      0x682 src/ASF/common2/services/delay/sam0/systick_counter.o
 .debug_macro   0x0000366c      0x8c1 src/ASF/common2/services/delay/sam0/systick_counter.o
 .debug_macro   0x00003f2d      0x235 src/ASF/common2/services/delay/sam0/systick_counter.o
 .debug_macro   0x00004162      0xd66 src/ASF/common2/services/delay/sam0/systick_counter.o
 .debug_macro   0x00004ec8      0x4ce src/ASF/common2/services/delay/sam0/systick_counter.o
 .debug_macro   0x00005396      0x9fb src/ASF/common2/services/delay/sam0/systick_counter.o
 .debug_macro   0x00005d91      0x82e src/ASF/common2/services/delay/sam0/systick_counter.o
 .debug_macro   0x000065bf      0x462 src/ASF/common2/services/delay/sam0/systick_counter.o
 .debug_macro   0x00006a21       0x5e src/ASF/common2/services/delay/sam0/systick_counter.o
 .debug_macro   0x00006a7f      0x907 src/ASF/common2/services/delay/sam0/systick_counter.o
 .debug_macro   0x00007386      0x226 src/ASF/common2/services/delay/sam0/systick_counter.o
 .debug_macro   0x000075ac      0x9d3 src/ASF/common2/services/delay/sam0/systick_counter.o
 .debug_macro   0x00007f7f       0x5e src/ASF/common2/services/delay/sam0/systick_counter.o
 .debug_macro   0x00007fdd      0x682 src/ASF/common2/services/delay/sam0/systick_counter.o
 .debug_macro   0x0000865f      0x3b8 src/ASF/common2/services/delay/sam0/systick_counter.o
 .debug_macro   0x00008a17      0xc55 src/ASF/common2/services/delay/sam0/systick_counter.o
 .debug_macro   0x0000966c     0x1093 src/ASF/common2/services/delay/sam0/systick_counter.o
 .debug_macro   0x0000a6ff      0xc4a src/ASF/common2/services/delay/sam0/systick_counter.o
 .debug_macro   0x0000b349      0x6c2 src/ASF/common2/services/delay/sam0/systick_counter.o
 .debug_macro   0x0000ba0b     0x1b4e src/ASF/common2/services/delay/sam0/systick_counter.o
 .debug_macro   0x0000d559     0x144d src/ASF/common2/services/delay/sam0/systick_counter.o
 .debug_macro   0x0000e9a6      0x351 src/ASF/common2/services/delay/sam0/systick_counter.o
 .debug_macro   0x0000ecf7       0x7c src/ASF/common2/services/delay/sam0/systick_counter.o
 .debug_macro   0x0000ed73       0xa0 src/ASF/common2/services/delay/sam0/systick_counter.o
 .debug_macro   0x0000ee13       0x4c src/ASF/common2/services/delay/sam0/systick_counter.o
 .debug_macro   0x0000ee5f       0xca src/ASF/common2/services/delay/sam0/systick_counter.o
 .debug_macro   0x0000ef29       0x94 src/ASF/common2/services/delay/sam0/systick_counter.o
 .debug_macro   0x0000efbd       0x58 src/ASF/common2/services/delay/sam0/systick_counter.o
 .debug_macro   0x0000f015      0x38a src/ASF/common2/services/delay/sam0/systick_counter.o
 .debug_macro   0x0000f39f       0x82 src/ASF/common2/services/delay/sam0/systick_counter.o
 .debug_macro   0x0000f421      0x19a src/ASF/common2/services/delay/sam0/systick_counter.o
 .debug_macro   0x0000f5bb       0xb8 src/ASF/common2/services/delay/sam0/systick_counter.o
 .debug_macro   0x0000f673       0xa0 src/ASF/common2/services/delay/sam0/systick_counter.o
 .debug_macro   0x0000f713       0xbe src/ASF/common2/services/delay/sam0/systick_counter.o
 .debug_macro   0x0000f7d1       0x1c src/ASF/common2/services/delay/sam0/systick_counter.o
 .debug_macro   0x0000f7ed       0x1c src/ASF/common2/services/delay/sam0/systick_counter.o
 .debug_macro   0x0000f809       0x1c src/ASF/common2/services/delay/sam0/systick_counter.o
 .debug_macro   0x0000f825       0x82 src/ASF/common2/services/delay/sam0/systick_counter.o
 .debug_macro   0x0000f8a7      0x164 src/ASF/common2/services/delay/sam0/systick_counter.o
 .debug_macro   0x0000fa0b       0xdc src/ASF/common2/services/delay/sam0/systick_counter.o
 .debug_macro   0x0000fae7      0x132 src/ASF/common2/services/delay/sam0/systick_counter.o
 .debug_macro   0x0000fc19      0x132 src/ASF/common2/services/delay/sam0/systick_counter.o
 .debug_macro   0x0000fd4b      0x132 src/ASF/common2/services/delay/sam0/systick_counter.o
 .debug_macro   0x0000fe7d      0x132 src/ASF/common2/services/delay/sam0/systick_counter.o
 .debug_macro   0x0000ffaf      0x132 src/ASF/common2/services/delay/sam0/systick_counter.o
 .debug_macro   0x000100e1      0x132 src/ASF/common2/services/delay/sam0/systick_counter.o
 .debug_macro   0x00010213      0x11e src/ASF/common2/services/delay/sam0/systick_counter.o
 .debug_macro   0x00010331       0xe2 src/ASF/common2/services/delay/sam0/systick_counter.o
 .debug_macro   0x00010413       0xe2 src/ASF/common2/services/delay/sam0/systick_counter.o
 .debug_macro   0x000104f5       0xe2 src/ASF/common2/services/delay/sam0/systick_counter.o
 .debug_macro   0x000105d7      0x136 src/ASF/common2/services/delay/sam0/systick_counter.o
 .debug_macro   0x0001070d      0x106 src/ASF/common2/services/delay/sam0/systick_counter.o
 .debug_macro   0x00010813       0xfa src/ASF/common2/services/delay/sam0/systick_counter.o
 .debug_macro   0x0001090d      0x40f src/ASF/common2/services/delay/sam0/systick_counter.o
 .debug_macro   0x00010d1c       0x40 src/ASF/common2/services/delay/sam0/systick_counter.o
 .debug_macro   0x00010d5c      0x361 src/ASF/common2/services/delay/sam0/systick_counter.o
 .debug_macro   0x000110bd     0x16ed src/ASF/common2/services/delay/sam0/systick_counter.o
 .debug_macro   0x000127aa       0x51 src/ASF/common2/services/delay/sam0/systick_counter.o
 .debug_macro   0x000127fb       0x58 src/ASF/common2/services/delay/sam0/systick_counter.o
 .debug_macro   0x00012853       0x35 src/ASF/common2/services/delay/sam0/systick_counter.o
 .debug_macro   0x00012888       0x9c src/ASF/common2/services/delay/sam0/systick_counter.o
 .debug_macro   0x00012924       0x16 src/ASF/common2/services/delay/sam0/systick_counter.o
 .debug_macro   0x0001293a       0x35 src/ASF/common2/services/delay/sam0/systick_counter.o
 .debug_macro   0x0001296f      0x29d src/ASF/common2/services/delay/sam0/systick_counter.o
 .debug_macro   0x00012c0c       0x10 src/ASF/common2/services/delay/sam0/systick_counter.o
 .debug_macro   0x00012c1c       0x52 src/ASF/common2/services/delay/sam0/systick_counter.o
 .debug_macro   0x00012c6e       0x16 src/ASF/common2/services/delay/sam0/systick_counter.o
 .debug_macro   0x00012c84       0x43 src/ASF/common2/services/delay/sam0/systick_counter.o
 .debug_macro   0x00012cc7      0x180 src/ASF/common2/services/delay/sam0/systick_counter.o
 .debug_macro   0x00012e47       0x10 src/ASF/common2/services/delay/sam0/systick_counter.o
 .debug_macro   0x00012e57       0x22 src/ASF/common2/services/delay/sam0/systick_counter.o
 .debug_macro   0x00012e79       0xbe src/ASF/common2/services/delay/sam0/systick_counter.o
 .debug_macro   0x00012f37       0x16 src/ASF/common2/services/delay/sam0/systick_counter.o
 .debug_macro   0x00012f4d      0x197 src/ASF/common2/services/delay/sam0/systick_counter.o
 .debug_macro   0x000130e4       0x16 src/ASF/common2/services/delay/sam0/systick_counter.o
 .debug_macro   0x000130fa       0x16 src/ASF/common2/services/delay/sam0/systick_counter.o
 .debug_macro   0x00013110       0x29 src/ASF/common2/services/delay/sam0/systick_counter.o
 .debug_macro   0x00013139       0x51 src/ASF/common2/services/delay/sam0/systick_counter.o
 .debug_macro   0x0001318a       0x3f src/ASF/common2/services/delay/sam0/systick_counter.o
 .debug_macro   0x000131c9      0x3df src/ASF/common2/services/delay/sam0/systick_counter.o
 .debug_macro   0x000135a8       0x11 src/ASF/common2/services/delay/sam0/systick_counter.o
 .debug_macro   0x000135b9       0x16 src/ASF/common2/services/delay/sam0/systick_counter.o
 .debug_macro   0x000135cf       0x16 src/ASF/common2/services/delay/sam0/systick_counter.o
 .debug_macro   0x000135e5      0x4d2 src/ASF/sam0/drivers/events/events_hooks.o
 .debug_macro   0x00013ab7       0x27 src/ASF/sam0/drivers/events/events_hooks.o
 .debug_macro   0x00013ade       0x2e src/ASF/sam0/drivers/events/events_hooks.o
 .debug_macro   0x00013b0c      0x500 src/ASF/sam0/drivers/events/events_sam_d_r/events.o
 .debug_macro   0x0001400c      0x4a7 src/ASF/sam0/drivers/extint/extint_callback.o
 .debug_macro   0x000144b3       0x19 src/ASF/sam0/drivers/extint/extint_callback.o
 .debug_macro   0x000144cc      0x502 src/ASF/sam0/drivers/extint/extint_sam_d_r/extint.o
 .debug_macro   0x000149ce       0x1f src/ASF/sam0/drivers/extint/extint_sam_d_r/extint.o
 .debug_macro   0x000149ed       0x16 src/ASF/sam0/drivers/extint/extint_sam_d_r/extint.o
 .debug_macro   0x00014a03      0x50b src/ASF/sam0/drivers/tc/tc_sam_d_r/tc.o
 .debug_macro   0x00014f0e       0x19 src/ASF/sam0/drivers/tc/tc_sam_d_r/tc.o
 .debug_macro   0x00014f27       0x51 src/ASF/sam0/drivers/tc/tc_sam_d_r/tc.o
 .debug_macro   0x00014f78      0x4f0 src/ASF/sam0/drivers/tc/tc_interrupt.o
 .debug_macro   0x00015468      0x5cc src/ASF/common2/boards/user_board/init.o
 .debug_macro   0x00015a34      0x2aa src/ASF/common2/boards/user_board/init.o
 .debug_macro   0x00015cde       0x82 src/ASF/common2/boards/user_board/init.o
 .debug_macro   0x00015d60       0x18 src/ASF/common2/boards/user_board/init.o
 .debug_macro   0x00015d78       0x6c src/ASF/common2/boards/user_board/init.o
 .debug_macro   0x00015de4      0x482 src/ASF/common/utils/interrupt/interrupt_sam_nvic.o
 .debug_macro   0x00016266      0x4f4 src/ASF/sam0/drivers/system/clock/clock_samd21_r21_da/clock.o
 .debug_macro   0x0001675a      0x29d src/ASF/sam0/drivers/system/clock/clock_samd21_r21_da/clock.o
 .debug_macro   0x000169f7      0x4b8 src/ASF/sam0/drivers/system/clock/clock_samd21_r21_da/gclk.o
 .debug_macro   0x00016eaf      0x492 src/ASF/sam0/drivers/system/pinmux/pinmux.o
 .debug_macro   0x00017341       0x12 src/ASF/sam0/drivers/system/pinmux/pinmux.o
 .debug_macro   0x00017353      0x4c6 src/ASF/sam0/drivers/system/system.o
 .debug_macro   0x00017819      0x2d6 src/ASF/sam0/utils/cmsis/samd21/source/gcc/startup_samd21.o
 .debug_macro   0x00017aef       0x3a src/ASF/sam0/utils/cmsis/samd21/source/gcc/startup_samd21.o
 .debug_macro   0x00017b29      0x5f6 src/main.o

.debug_line     0x00000000     0x9bd7
 .debug_line    0x00000000      0x91d src/ASF/common2/services/delay/sam0/systick_counter.o
 .debug_line    0x0000091d      0x9a4 src/ASF/sam0/drivers/events/events_hooks.o
 .debug_line    0x000012c1      0xbb1 src/ASF/sam0/drivers/events/events_sam_d_r/events.o
 .debug_line    0x00001e72      0x91e src/ASF/sam0/drivers/extint/extint_callback.o
 .debug_line    0x00002790      0xb75 src/ASF/sam0/drivers/extint/extint_sam_d_r/extint.o
 .debug_line    0x00003305      0xd03 src/ASF/sam0/drivers/tc/tc_sam_d_r/tc.o
 .debug_line    0x00004008      0x9d1 src/ASF/sam0/drivers/tc/tc_interrupt.o
 .debug_line    0x000049d9      0xc84 src/ASF/common2/boards/user_board/init.o
 .debug_line    0x0000565d      0x829 src/ASF/common/utils/interrupt/interrupt_sam_nvic.o
 .debug_line    0x00005e86      0xb91 src/ASF/sam0/drivers/system/clock/clock_samd21_r21_da/clock.o
 .debug_line    0x00006a17      0xbc6 src/ASF/sam0/drivers/system/clock/clock_samd21_r21_da/gclk.o
 .debug_line    0x000075dd      0x89b src/ASF/sam0/drivers/system/pinmux/pinmux.o
 .debug_line    0x00007e78      0x944 src/ASF/sam0/drivers/system/system.o
 .debug_line    0x000087bc      0x624 src/ASF/sam0/utils/cmsis/samd21/source/gcc/startup_samd21.o
 .debug_line    0x00008de0      0xdf7 src/main.o

.debug_str      0x00000000    0x857a3
 .debug_str     0x00000000    0x7de72 src/ASF/common2/services/delay/sam0/systick_counter.o
                              0x7e6b9 (size before relaxing)
 .debug_str     0x0007de72      0xdcf src/ASF/sam0/drivers/events/events_hooks.o
                              0x7f2c8 (size before relaxing)
 .debug_str     0x0007ec41      0x8ca src/ASF/sam0/drivers/events/events_sam_d_r/events.o
                              0x7f640 (size before relaxing)
 .debug_str     0x0007f50b      0x593 src/ASF/sam0/drivers/extint/extint_callback.o
                              0x7ed5d (size before relaxing)
 .debug_str     0x0007fa9e      0x4c2 src/ASF/sam0/drivers/extint/extint_sam_d_r/extint.o
                              0x7fcd1 (size before relaxing)
 .debug_str     0x0007ff60      0xb50 src/ASF/sam0/drivers/tc/tc_sam_d_r/tc.o
                              0x7fb25 (size before relaxing)
 .debug_str     0x00080ab0       0xf3 src/ASF/sam0/drivers/tc/tc_interrupt.o
                              0x7f285 (size before relaxing)
 .debug_str     0x00080ba3      0xb58 src/ASF/common2/boards/user_board/init.o
                              0x7f79a (size before relaxing)
 .debug_str     0x000816fb       0x9b src/ASF/common/utils/interrupt/interrupt_sam_nvic.o
                              0x7e51a (size before relaxing)
 .debug_str     0x00081796     0x2759 src/ASF/sam0/drivers/system/clock/clock_samd21_r21_da/clock.o
                              0x8160f (size before relaxing)
 .debug_str     0x00083eef      0x27d src/ASF/sam0/drivers/system/clock/clock_samd21_r21_da/gclk.o
                              0x7f199 (size before relaxing)
 .debug_str     0x0008416c      0x35d src/ASF/sam0/drivers/system/pinmux/pinmux.o
                              0x7e9bc (size before relaxing)
 .debug_str     0x000844c9       0x47 src/ASF/sam0/drivers/system/system.o
                              0x7e5c5 (size before relaxing)
 .debug_str     0x00084510      0xef9 src/ASF/sam0/utils/cmsis/samd21/source/gcc/startup_samd21.o
                              0x6b0e6 (size before relaxing)
 .debug_str     0x00085409      0x39a src/main.o
                              0x80de2 (size before relaxing)

.debug_frame    0x00000000      0x9f4
 .debug_frame   0x00000000       0x60 src/ASF/common2/services/delay/sam0/systick_counter.o
 .debug_frame   0x00000060       0xb8 src/ASF/sam0/drivers/events/events_hooks.o
 .debug_frame   0x00000118      0x120 src/ASF/sam0/drivers/events/events_sam_d_r/events.o
 .debug_frame   0x00000238       0x7c src/ASF/sam0/drivers/extint/extint_callback.o
 .debug_frame   0x000002b4       0xb8 src/ASF/sam0/drivers/extint/extint_sam_d_r/extint.o
 .debug_frame   0x0000036c       0xd8 src/ASF/sam0/drivers/tc/tc_sam_d_r/tc.o
 .debug_frame   0x00000444       0x94 src/ASF/sam0/drivers/tc/tc_interrupt.o
 .debug_frame   0x000004d8       0x20 src/ASF/common2/boards/user_board/init.o
 .debug_frame   0x000004f8       0x30 src/ASF/common/utils/interrupt/interrupt_sam_nvic.o
 .debug_frame   0x00000528      0x158 src/ASF/sam0/drivers/system/clock/clock_samd21_r21_da/clock.o
 .debug_frame   0x00000680      0x148 src/ASF/sam0/drivers/system/clock/clock_samd21_r21_da/gclk.o
 .debug_frame   0x000007c8       0x98 src/ASF/sam0/drivers/system/pinmux/pinmux.o
 .debug_frame   0x00000860       0x38 src/ASF/sam0/drivers/system/system.o
 .debug_frame   0x00000898       0x3c src/ASF/sam0/utils/cmsis/samd21/source/gcc/startup_samd21.o
 .debug_frame   0x000008d4       0xac src/main.o
 .debug_frame   0x00000980       0x20 d:/program files/atmel/studio/7.0/toolchain/arm/arm-gnu-toolchain/bin/../lib/gcc/arm-none-eabi/4.9.3/armv6-m\libgcc.a(_udivsi3.o)
 .debug_frame   0x000009a0       0x2c d:/program files/atmel/studio/7.0/toolchain/arm/arm-gnu-toolchain/bin/../lib/gcc/arm-none-eabi/4.9.3/../../../../arm-none-eabi/lib/armv6-m\libc_nano.a(lib_a-init.o)
 .debug_frame   0x000009cc       0x28 d:/program files/atmel/studio/7.0/toolchain/arm/arm-gnu-toolchain/bin/../lib/gcc/arm-none-eabi/4.9.3/../../../../arm-none-eabi/lib/armv6-m\libc_nano.a(lib_a-memcpy.o)

Cross Reference Table

Symbol                                            File
AC_Handler                                        src/ASF/sam0/utils/cmsis/samd21/source/gcc/startup_samd21.o
ADC_Handler                                       src/ASF/sam0/utils/cmsis/samd21/source/gcc/startup_samd21.o
DAC_Handler                                       src/ASF/sam0/utils/cmsis/samd21/source/gcc/startup_samd21.o
DMAC_Handler                                      src/ASF/sam0/utils/cmsis/samd21/source/gcc/startup_samd21.o
Dummy_Handler                                     src/ASF/sam0/utils/cmsis/samd21/source/gcc/startup_samd21.o
EIC_Handler                                       src/ASF/sam0/drivers/extint/extint_callback.o
EVSYS_Handler                                     src/ASF/sam0/drivers/events/events_hooks.o
HardFault_Handler                                 src/ASF/sam0/utils/cmsis/samd21/source/gcc/startup_samd21.o
I2S_Handler                                       src/ASF/sam0/utils/cmsis/samd21/source/gcc/startup_samd21.o
NMI_Handler                                       src/ASF/sam0/utils/cmsis/samd21/source/gcc/startup_samd21.o
NVMCTRL_Handler                                   src/ASF/sam0/utils/cmsis/samd21/source/gcc/startup_samd21.o
PM_Handler                                        src/ASF/sam0/utils/cmsis/samd21/source/gcc/startup_samd21.o
PTC_Handler                                       src/ASF/sam0/utils/cmsis/samd21/source/gcc/startup_samd21.o
PendSV_Handler                                    src/ASF/sam0/utils/cmsis/samd21/source/gcc/startup_samd21.o
RTC_Handler                                       src/ASF/sam0/utils/cmsis/samd21/source/gcc/startup_samd21.o
Reset_Handler                                     src/ASF/sam0/utils/cmsis/samd21/source/gcc/startup_samd21.o
SERCOM0_Handler                                   src/ASF/sam0/utils/cmsis/samd21/source/gcc/startup_samd21.o
SERCOM1_Handler                                   src/ASF/sam0/utils/cmsis/samd21/source/gcc/startup_samd21.o
SERCOM2_Handler                                   src/ASF/sam0/utils/cmsis/samd21/source/gcc/startup_samd21.o
SERCOM3_Handler                                   src/ASF/sam0/utils/cmsis/samd21/source/gcc/startup_samd21.o
SERCOM4_Handler                                   src/ASF/sam0/utils/cmsis/samd21/source/gcc/startup_samd21.o
SERCOM5_Handler                                   src/ASF/sam0/utils/cmsis/samd21/source/gcc/startup_samd21.o
SVC_Handler                                       src/ASF/sam0/utils/cmsis/samd21/source/gcc/startup_samd21.o
SYSCTRL_Handler                                   src/ASF/sam0/utils/cmsis/samd21/source/gcc/startup_samd21.o
SysTick_Handler                                   src/ASF/sam0/utils/cmsis/samd21/source/gcc/startup_samd21.o
SystemCoreClock                                   src/ASF/sam0/utils/cmsis/samd21/source/system_samd21.o
SystemCoreClockUpdate                             src/ASF/sam0/utils/cmsis/samd21/source/system_samd21.o
SystemInit                                        src/ASF/sam0/utils/cmsis/samd21/source/system_samd21.o
TC3_Handler                                       src/ASF/sam0/drivers/tc/tc_interrupt.o
TC4_Handler                                       src/ASF/sam0/drivers/tc/tc_interrupt.o
TC5_Handler                                       src/ASF/sam0/drivers/tc/tc_interrupt.o
TCC0_Handler                                      src/ASF/sam0/utils/cmsis/samd21/source/gcc/startup_samd21.o
TCC1_Handler                                      src/ASF/sam0/utils/cmsis/samd21/source/gcc/startup_samd21.o
TCC2_Handler                                      src/ASF/sam0/utils/cmsis/samd21/source/gcc/startup_samd21.o
USB_Handler                                       src/ASF/sam0/utils/cmsis/samd21/source/gcc/startup_samd21.o
WDT_Handler                                       src/ASF/sam0/utils/cmsis/samd21/source/gcc/startup_samd21.o
_Jv_RegisterClasses                               d:/program files/atmel/studio/7.0/toolchain/arm/arm-gnu-toolchain/bin/../lib/gcc/arm-none-eabi/4.9.3/armv6-m/crtbegin.o
__aeabi_idiv                                      d:/program files/atmel/studio/7.0/toolchain/arm/arm-gnu-toolchain/bin/../lib/gcc/arm-none-eabi/4.9.3/armv6-m\libgcc.a(_divsi3.o)
                                                  d:/program files/atmel/studio/7.0/toolchain/arm/arm-gnu-toolchain/bin/../lib/gcc/arm-none-eabi/4.9.3/../../../../arm-none-eabi/lib/armv6-m\libc_nano.a(lib_a-fvwrite.o)
__aeabi_idiv0                                     d:/program files/atmel/studio/7.0/toolchain/arm/arm-gnu-toolchain/bin/../lib/gcc/arm-none-eabi/4.9.3/armv6-m\libgcc.a(_dvmd_tls.o)
                                                  d:/program files/atmel/studio/7.0/toolchain/arm/arm-gnu-toolchain/bin/../lib/gcc/arm-none-eabi/4.9.3/armv6-m\libgcc.a(_divsi3.o)
                                                  d:/program files/atmel/studio/7.0/toolchain/arm/arm-gnu-toolchain/bin/../lib/gcc/arm-none-eabi/4.9.3/armv6-m\libgcc.a(_udivsi3.o)
__aeabi_idivmod                                   d:/program files/atmel/studio/7.0/toolchain/arm/arm-gnu-toolchain/bin/../lib/gcc/arm-none-eabi/4.9.3/armv6-m\libgcc.a(_divsi3.o)
__aeabi_ldiv0                                     d:/program files/atmel/studio/7.0/toolchain/arm/arm-gnu-toolchain/bin/../lib/gcc/arm-none-eabi/4.9.3/armv6-m\libgcc.a(_dvmd_tls.o)
__aeabi_uidiv                                     d:/program files/atmel/studio/7.0/toolchain/arm/arm-gnu-toolchain/bin/../lib/gcc/arm-none-eabi/4.9.3/armv6-m\libgcc.a(_udivsi3.o)
                                                  d:/program files/atmel/studio/7.0/toolchain/arm/arm-gnu-toolchain/bin/../lib/gcc/arm-none-eabi/4.9.3/../../../../arm-none-eabi/lib/armv6-m\libc_nano.a(lib_a-nano-vfprintf_i.o)
                                                  src/ASF/sam0/drivers/system/clock/clock_samd21_r21_da/gclk.o
                                                  src/ASF/sam0/drivers/system/clock/clock_samd21_r21_da/clock.o
                                                  src/ASF/common2/services/delay/sam0/systick_counter.o
__aeabi_uidivmod                                  d:/program files/atmel/studio/7.0/toolchain/arm/arm-gnu-toolchain/bin/../lib/gcc/arm-none-eabi/4.9.3/armv6-m\libgcc.a(_udivsi3.o)
                                                  d:/program files/atmel/studio/7.0/toolchain/arm/arm-gnu-toolchain/bin/../lib/gcc/arm-none-eabi/4.9.3/../../../../arm-none-eabi/lib/armv6-m\libc_nano.a(lib_a-nano-vfprintf_i.o)
__bss_end__                                       d:/program files/atmel/studio/7.0/toolchain/arm/arm-gnu-toolchain/bin/../lib/gcc/arm-none-eabi/4.9.3/../../../../arm-none-eabi/lib/armv6-m/crt0.o
__bss_start__                                     d:/program files/atmel/studio/7.0/toolchain/arm/arm-gnu-toolchain/bin/../lib/gcc/arm-none-eabi/4.9.3/../../../../arm-none-eabi/lib/armv6-m/crt0.o
__call_exitprocs                                  d:/program files/atmel/studio/7.0/toolchain/arm/arm-gnu-toolchain/bin/../lib/gcc/arm-none-eabi/4.9.3/../../../../arm-none-eabi/lib/armv6-m\libc_nano.a(lib_a-exit.o)
__deregister_frame_info                           d:/program files/atmel/studio/7.0/toolchain/arm/arm-gnu-toolchain/bin/../lib/gcc/arm-none-eabi/4.9.3/armv6-m/crtbegin.o
__divsi3                                          d:/program files/atmel/studio/7.0/toolchain/arm/arm-gnu-toolchain/bin/../lib/gcc/arm-none-eabi/4.9.3/armv6-m\libgcc.a(_divsi3.o)
__dso_handle                                      d:/program files/atmel/studio/7.0/toolchain/arm/arm-gnu-toolchain/bin/../lib/gcc/arm-none-eabi/4.9.3/armv6-m/crtbegin.o
__fp_lock_all                                     d:/program files/atmel/studio/7.0/toolchain/arm/arm-gnu-toolchain/bin/../lib/gcc/arm-none-eabi/4.9.3/../../../../arm-none-eabi/lib/armv6-m\libc_nano.a(lib_a-findfp.o)
__fp_unlock_all                                   d:/program files/atmel/studio/7.0/toolchain/arm/arm-gnu-toolchain/bin/../lib/gcc/arm-none-eabi/4.9.3/../../../../arm-none-eabi/lib/armv6-m\libc_nano.a(lib_a-findfp.o)
__init_array_end                                  d:/program files/atmel/studio/7.0/toolchain/arm/arm-gnu-toolchain/bin/../lib/gcc/arm-none-eabi/4.9.3/../../../../arm-none-eabi/lib/armv6-m\libc_nano.a(lib_a-init.o)
__init_array_start                                d:/program files/atmel/studio/7.0/toolchain/arm/arm-gnu-toolchain/bin/../lib/gcc/arm-none-eabi/4.9.3/../../../../arm-none-eabi/lib/armv6-m\libc_nano.a(lib_a-init.o)
__libc_fini_array                                 d:/program files/atmel/studio/7.0/toolchain/arm/arm-gnu-toolchain/bin/../lib/gcc/arm-none-eabi/4.9.3/../../../../arm-none-eabi/lib/armv6-m/crt0.o
__libc_init_array                                 d:/program files/atmel/studio/7.0/toolchain/arm/arm-gnu-toolchain/bin/../lib/gcc/arm-none-eabi/4.9.3/../../../../arm-none-eabi/lib/armv6-m\libc_nano.a(lib_a-init.o)
                                                  src/ASF/sam0/utils/cmsis/samd21/source/gcc/startup_samd21.o
                                                  d:/program files/atmel/studio/7.0/toolchain/arm/arm-gnu-toolchain/bin/../lib/gcc/arm-none-eabi/4.9.3/../../../../arm-none-eabi/lib/armv6-m/crt0.o
__malloc_free_list                                d:/program files/atmel/studio/7.0/toolchain/arm/arm-gnu-toolchain/bin/../lib/gcc/arm-none-eabi/4.9.3/../../../../arm-none-eabi/lib/armv6-m\libc_nano.a(lib_a-nano-mallocr.o)
                                                  d:/program files/atmel/studio/7.0/toolchain/arm/arm-gnu-toolchain/bin/../lib/gcc/arm-none-eabi/4.9.3/../../../../arm-none-eabi/lib/armv6-m\libc_nano.a(lib_a-nano-freer.o)
__malloc_sbrk_start                               d:/program files/atmel/studio/7.0/toolchain/arm/arm-gnu-toolchain/bin/../lib/gcc/arm-none-eabi/4.9.3/../../../../arm-none-eabi/lib/armv6-m\libc_nano.a(lib_a-nano-mallocr.o)
__preinit_array_end                               d:/program files/atmel/studio/7.0/toolchain/arm/arm-gnu-toolchain/bin/../lib/gcc/arm-none-eabi/4.9.3/../../../../arm-none-eabi/lib/armv6-m\libc_nano.a(lib_a-init.o)
__preinit_array_start                             d:/program files/atmel/studio/7.0/toolchain/arm/arm-gnu-toolchain/bin/../lib/gcc/arm-none-eabi/4.9.3/../../../../arm-none-eabi/lib/armv6-m\libc_nano.a(lib_a-init.o)
__register_frame_info                             d:/program files/atmel/studio/7.0/toolchain/arm/arm-gnu-toolchain/bin/../lib/gcc/arm-none-eabi/4.9.3/armv6-m/crtbegin.o
__sclose                                          d:/program files/atmel/studio/7.0/toolchain/arm/arm-gnu-toolchain/bin/../lib/gcc/arm-none-eabi/4.9.3/../../../../arm-none-eabi/lib/armv6-m\libc_nano.a(lib_a-stdio.o)
                                                  d:/program files/atmel/studio/7.0/toolchain/arm/arm-gnu-toolchain/bin/../lib/gcc/arm-none-eabi/4.9.3/../../../../arm-none-eabi/lib/armv6-m\libc_nano.a(lib_a-findfp.o)
__seofread                                        d:/program files/atmel/studio/7.0/toolchain/arm/arm-gnu-toolchain/bin/../lib/gcc/arm-none-eabi/4.9.3/../../../../arm-none-eabi/lib/armv6-m\libc_nano.a(lib_a-stdio.o)
__sf_fake_stderr                                  d:/program files/atmel/studio/7.0/toolchain/arm/arm-gnu-toolchain/bin/../lib/gcc/arm-none-eabi/4.9.3/../../../../arm-none-eabi/lib/armv6-m\libc_nano.a(lib_a-findfp.o)
                                                  d:/program files/atmel/studio/7.0/toolchain/arm/arm-gnu-toolchain/bin/../lib/gcc/arm-none-eabi/4.9.3/../../../../arm-none-eabi/lib/armv6-m\libc_nano.a(lib_a-fflush.o)
                                                  d:/program files/atmel/studio/7.0/toolchain/arm/arm-gnu-toolchain/bin/../lib/gcc/arm-none-eabi/4.9.3/../../../../arm-none-eabi/lib/armv6-m\libc_nano.a(lib_a-wsetup.o)
                                                  d:/program files/atmel/studio/7.0/toolchain/arm/arm-gnu-toolchain/bin/../lib/gcc/arm-none-eabi/4.9.3/../../../../arm-none-eabi/lib/armv6-m\libc_nano.a(lib_a-wbuf.o)
                                                  d:/program files/atmel/studio/7.0/toolchain/arm/arm-gnu-toolchain/bin/../lib/gcc/arm-none-eabi/4.9.3/../../../../arm-none-eabi/lib/armv6-m\libc_nano.a(lib_a-nano-vfprintf.o)
                                                  d:/program files/atmel/studio/7.0/toolchain/arm/arm-gnu-toolchain/bin/../lib/gcc/arm-none-eabi/4.9.3/../../../../arm-none-eabi/lib/armv6-m\libc_nano.a(lib_a-impure.o)
__sf_fake_stdin                                   d:/program files/atmel/studio/7.0/toolchain/arm/arm-gnu-toolchain/bin/../lib/gcc/arm-none-eabi/4.9.3/../../../../arm-none-eabi/lib/armv6-m\libc_nano.a(lib_a-findfp.o)
                                                  d:/program files/atmel/studio/7.0/toolchain/arm/arm-gnu-toolchain/bin/../lib/gcc/arm-none-eabi/4.9.3/../../../../arm-none-eabi/lib/armv6-m\libc_nano.a(lib_a-fflush.o)
                                                  d:/program files/atmel/studio/7.0/toolchain/arm/arm-gnu-toolchain/bin/../lib/gcc/arm-none-eabi/4.9.3/../../../../arm-none-eabi/lib/armv6-m\libc_nano.a(lib_a-wsetup.o)
                                                  d:/program files/atmel/studio/7.0/toolchain/arm/arm-gnu-toolchain/bin/../lib/gcc/arm-none-eabi/4.9.3/../../../../arm-none-eabi/lib/armv6-m\libc_nano.a(lib_a-wbuf.o)
                                                  d:/program files/atmel/studio/7.0/toolchain/arm/arm-gnu-toolchain/bin/../lib/gcc/arm-none-eabi/4.9.3/../../../../arm-none-eabi/lib/armv6-m\libc_nano.a(lib_a-nano-vfprintf.o)
                                                  d:/program files/atmel/studio/7.0/toolchain/arm/arm-gnu-toolchain/bin/../lib/gcc/arm-none-eabi/4.9.3/../../../../arm-none-eabi/lib/armv6-m\libc_nano.a(lib_a-impure.o)
__sf_fake_stdout                                  d:/program files/atmel/studio/7.0/toolchain/arm/arm-gnu-toolchain/bin/../lib/gcc/arm-none-eabi/4.9.3/../../../../arm-none-eabi/lib/armv6-m\libc_nano.a(lib_a-findfp.o)
                                                  d:/program files/atmel/studio/7.0/toolchain/arm/arm-gnu-toolchain/bin/../lib/gcc/arm-none-eabi/4.9.3/../../../../arm-none-eabi/lib/armv6-m\libc_nano.a(lib_a-fflush.o)
                                                  d:/program files/atmel/studio/7.0/toolchain/arm/arm-gnu-toolchain/bin/../lib/gcc/arm-none-eabi/4.9.3/../../../../arm-none-eabi/lib/armv6-m\libc_nano.a(lib_a-wsetup.o)
                                                  d:/program files/atmel/studio/7.0/toolchain/arm/arm-gnu-toolchain/bin/../lib/gcc/arm-none-eabi/4.9.3/../../../../arm-none-eabi/lib/armv6-m\libc_nano.a(lib_a-wbuf.o)
                                                  d:/program files/atmel/studio/7.0/toolchain/arm/arm-gnu-toolchain/bin/../lib/gcc/arm-none-eabi/4.9.3/../../../../arm-none-eabi/lib/armv6-m\libc_nano.a(lib_a-nano-vfprintf.o)
                                                  d:/program files/atmel/studio/7.0/toolchain/arm/arm-gnu-toolchain/bin/../lib/gcc/arm-none-eabi/4.9.3/../../../../arm-none-eabi/lib/armv6-m\libc_nano.a(lib_a-impure.o)
__sflush_r                                        d:/program files/atmel/studio/7.0/toolchain/arm/arm-gnu-toolchain/bin/../lib/gcc/arm-none-eabi/4.9.3/../../../../arm-none-eabi/lib/armv6-m\libc_nano.a(lib_a-fflush.o)
__sfmoreglue                                      d:/program files/atmel/studio/7.0/toolchain/arm/arm-gnu-toolchain/bin/../lib/gcc/arm-none-eabi/4.9.3/../../../../arm-none-eabi/lib/armv6-m\libc_nano.a(lib_a-findfp.o)
__sfp                                             d:/program files/atmel/studio/7.0/toolchain/arm/arm-gnu-toolchain/bin/../lib/gcc/arm-none-eabi/4.9.3/../../../../arm-none-eabi/lib/armv6-m\libc_nano.a(lib_a-findfp.o)
__sfp_lock_acquire                                d:/program files/atmel/studio/7.0/toolchain/arm/arm-gnu-toolchain/bin/../lib/gcc/arm-none-eabi/4.9.3/../../../../arm-none-eabi/lib/armv6-m\libc_nano.a(lib_a-findfp.o)
__sfp_lock_release                                d:/program files/atmel/studio/7.0/toolchain/arm/arm-gnu-toolchain/bin/../lib/gcc/arm-none-eabi/4.9.3/../../../../arm-none-eabi/lib/armv6-m\libc_nano.a(lib_a-findfp.o)
__sfputs_r                                        d:/program files/atmel/studio/7.0/toolchain/arm/arm-gnu-toolchain/bin/../lib/gcc/arm-none-eabi/4.9.3/../../../../arm-none-eabi/lib/armv6-m\libc_nano.a(lib_a-nano-vfprintf.o)
__sfvwrite_r                                      d:/program files/atmel/studio/7.0/toolchain/arm/arm-gnu-toolchain/bin/../lib/gcc/arm-none-eabi/4.9.3/../../../../arm-none-eabi/lib/armv6-m\libc_nano.a(lib_a-fvwrite.o)
                                                  d:/program files/atmel/studio/7.0/toolchain/arm/arm-gnu-toolchain/bin/../lib/gcc/arm-none-eabi/4.9.3/../../../../arm-none-eabi/lib/armv6-m\libc_nano.a(lib_a-nano-vfprintf.o)
__sinit                                           d:/program files/atmel/studio/7.0/toolchain/arm/arm-gnu-toolchain/bin/../lib/gcc/arm-none-eabi/4.9.3/../../../../arm-none-eabi/lib/armv6-m\libc_nano.a(lib_a-findfp.o)
                                                  d:/program files/atmel/studio/7.0/toolchain/arm/arm-gnu-toolchain/bin/../lib/gcc/arm-none-eabi/4.9.3/../../../../arm-none-eabi/lib/armv6-m\libc_nano.a(lib_a-fflush.o)
                                                  d:/program files/atmel/studio/7.0/toolchain/arm/arm-gnu-toolchain/bin/../lib/gcc/arm-none-eabi/4.9.3/../../../../arm-none-eabi/lib/armv6-m\libc_nano.a(lib_a-wsetup.o)
                                                  d:/program files/atmel/studio/7.0/toolchain/arm/arm-gnu-toolchain/bin/../lib/gcc/arm-none-eabi/4.9.3/../../../../arm-none-eabi/lib/armv6-m\libc_nano.a(lib_a-wbuf.o)
                                                  d:/program files/atmel/studio/7.0/toolchain/arm/arm-gnu-toolchain/bin/../lib/gcc/arm-none-eabi/4.9.3/../../../../arm-none-eabi/lib/armv6-m\libc_nano.a(lib_a-nano-vfprintf.o)
                                                  d:/program files/atmel/studio/7.0/toolchain/arm/arm-gnu-toolchain/bin/../lib/gcc/arm-none-eabi/4.9.3/../../../../arm-none-eabi/lib/armv6-m\libc_nano.a(lib_a-printf.o)
__sinit_lock_acquire                              d:/program files/atmel/studio/7.0/toolchain/arm/arm-gnu-toolchain/bin/../lib/gcc/arm-none-eabi/4.9.3/../../../../arm-none-eabi/lib/armv6-m\libc_nano.a(lib_a-findfp.o)
__sinit_lock_release                              d:/program files/atmel/studio/7.0/toolchain/arm/arm-gnu-toolchain/bin/../lib/gcc/arm-none-eabi/4.9.3/../../../../arm-none-eabi/lib/armv6-m\libc_nano.a(lib_a-findfp.o)
__smakebuf_r                                      d:/program files/atmel/studio/7.0/toolchain/arm/arm-gnu-toolchain/bin/../lib/gcc/arm-none-eabi/4.9.3/../../../../arm-none-eabi/lib/armv6-m\libc_nano.a(lib_a-makebuf.o)
                                                  d:/program files/atmel/studio/7.0/toolchain/arm/arm-gnu-toolchain/bin/../lib/gcc/arm-none-eabi/4.9.3/../../../../arm-none-eabi/lib/armv6-m\libc_nano.a(lib_a-wsetup.o)
__sprint_r                                        d:/program files/atmel/studio/7.0/toolchain/arm/arm-gnu-toolchain/bin/../lib/gcc/arm-none-eabi/4.9.3/../../../../arm-none-eabi/lib/armv6-m\libc_nano.a(lib_a-nano-vfprintf.o)
__sread                                           d:/program files/atmel/studio/7.0/toolchain/arm/arm-gnu-toolchain/bin/../lib/gcc/arm-none-eabi/4.9.3/../../../../arm-none-eabi/lib/armv6-m\libc_nano.a(lib_a-stdio.o)
                                                  d:/program files/atmel/studio/7.0/toolchain/arm/arm-gnu-toolchain/bin/../lib/gcc/arm-none-eabi/4.9.3/../../../../arm-none-eabi/lib/armv6-m\libc_nano.a(lib_a-findfp.o)
__sseek                                           d:/program files/atmel/studio/7.0/toolchain/arm/arm-gnu-toolchain/bin/../lib/gcc/arm-none-eabi/4.9.3/../../../../arm-none-eabi/lib/armv6-m\libc_nano.a(lib_a-stdio.o)
                                                  d:/program files/atmel/studio/7.0/toolchain/arm/arm-gnu-toolchain/bin/../lib/gcc/arm-none-eabi/4.9.3/../../../../arm-none-eabi/lib/armv6-m\libc_nano.a(lib_a-findfp.o)
__stack                                           d:/program files/atmel/studio/7.0/toolchain/arm/arm-gnu-toolchain/bin/../lib/gcc/arm-none-eabi/4.9.3/../../../../arm-none-eabi/lib/armv6-m/crt0.o
__swbuf                                           d:/program files/atmel/studio/7.0/toolchain/arm/arm-gnu-toolchain/bin/../lib/gcc/arm-none-eabi/4.9.3/../../../../arm-none-eabi/lib/armv6-m\libc_nano.a(lib_a-wbuf.o)
__swbuf_r                                         d:/program files/atmel/studio/7.0/toolchain/arm/arm-gnu-toolchain/bin/../lib/gcc/arm-none-eabi/4.9.3/../../../../arm-none-eabi/lib/armv6-m\libc_nano.a(lib_a-wbuf.o)
                                                  d:/program files/atmel/studio/7.0/toolchain/arm/arm-gnu-toolchain/bin/../lib/gcc/arm-none-eabi/4.9.3/../../../../arm-none-eabi/lib/armv6-m\libc_nano.a(lib_a-nano-vfprintf.o)
__swrite                                          d:/program files/atmel/studio/7.0/toolchain/arm/arm-gnu-toolchain/bin/../lib/gcc/arm-none-eabi/4.9.3/../../../../arm-none-eabi/lib/armv6-m\libc_nano.a(lib_a-stdio.o)
                                                  d:/program files/atmel/studio/7.0/toolchain/arm/arm-gnu-toolchain/bin/../lib/gcc/arm-none-eabi/4.9.3/../../../../arm-none-eabi/lib/armv6-m\libc_nano.a(lib_a-findfp.o)
__swsetup_r                                       d:/program files/atmel/studio/7.0/toolchain/arm/arm-gnu-toolchain/bin/../lib/gcc/arm-none-eabi/4.9.3/../../../../arm-none-eabi/lib/armv6-m\libc_nano.a(lib_a-wsetup.o)
                                                  d:/program files/atmel/studio/7.0/toolchain/arm/arm-gnu-toolchain/bin/../lib/gcc/arm-none-eabi/4.9.3/../../../../arm-none-eabi/lib/armv6-m\libc_nano.a(lib_a-fvwrite.o)
                                                  d:/program files/atmel/studio/7.0/toolchain/arm/arm-gnu-toolchain/bin/../lib/gcc/arm-none-eabi/4.9.3/../../../../arm-none-eabi/lib/armv6-m\libc_nano.a(lib_a-wbuf.o)
                                                  d:/program files/atmel/studio/7.0/toolchain/arm/arm-gnu-toolchain/bin/../lib/gcc/arm-none-eabi/4.9.3/../../../../arm-none-eabi/lib/armv6-m\libc_nano.a(lib_a-nano-vfprintf.o)
__udivsi3                                         d:/program files/atmel/studio/7.0/toolchain/arm/arm-gnu-toolchain/bin/../lib/gcc/arm-none-eabi/4.9.3/armv6-m\libgcc.a(_udivsi3.o)
_cleanup                                          d:/program files/atmel/studio/7.0/toolchain/arm/arm-gnu-toolchain/bin/../lib/gcc/arm-none-eabi/4.9.3/../../../../arm-none-eabi/lib/armv6-m\libc_nano.a(lib_a-findfp.o)
_cleanup_r                                        d:/program files/atmel/studio/7.0/toolchain/arm/arm-gnu-toolchain/bin/../lib/gcc/arm-none-eabi/4.9.3/../../../../arm-none-eabi/lib/armv6-m\libc_nano.a(lib_a-findfp.o)
                                                  d:/program files/atmel/studio/7.0/toolchain/arm/arm-gnu-toolchain/bin/../lib/gcc/arm-none-eabi/4.9.3/../../../../arm-none-eabi/lib/armv6-m\libc_nano.a(lib_a-makebuf.o)
_close                                            src/ASF/sam0/utils/syscalls/gcc/syscalls.o
                                                  d:/program files/atmel/studio/7.0/toolchain/arm/arm-gnu-toolchain/bin/../lib/gcc/arm-none-eabi/4.9.3/../../../../arm-none-eabi/lib/armv6-m\libc_nano.a(lib_a-closer.o)
_close_r                                          d:/program files/atmel/studio/7.0/toolchain/arm/arm-gnu-toolchain/bin/../lib/gcc/arm-none-eabi/4.9.3/../../../../arm-none-eabi/lib/armv6-m\libc_nano.a(lib_a-closer.o)
                                                  d:/program files/atmel/studio/7.0/toolchain/arm/arm-gnu-toolchain/bin/../lib/gcc/arm-none-eabi/4.9.3/../../../../arm-none-eabi/lib/armv6-m\libc_nano.a(lib_a-stdio.o)
_current_channel                                  src/ASF/sam0/drivers/extint/extint_callback.o
_end                                              src/ASF/sam0/utils/syscalls/gcc/syscalls.o
_erelocate                                        src/ASF/sam0/utils/cmsis/samd21/source/gcc/startup_samd21.o
_estack                                           src/ASF/sam0/utils/cmsis/samd21/source/gcc/startup_samd21.o
_etext                                            src/ASF/sam0/utils/cmsis/samd21/source/gcc/startup_samd21.o
_events_find_bit_position                         src/ASF/sam0/drivers/events/events_sam_d_r/events.o
                                                  src/ASF/sam0/drivers/events/events_hooks.o
_events_inst                                      src/ASF/sam0/drivers/events/events_sam_d_r/events.o
                                                  src/ASF/sam0/drivers/events/events_hooks.o
_exit                                             src/ASF/sam0/utils/syscalls/gcc/syscalls.o
                                                  d:/program files/atmel/studio/7.0/toolchain/arm/arm-gnu-toolchain/bin/../lib/gcc/arm-none-eabi/4.9.3/../../../../arm-none-eabi/lib/armv6-m\libc_nano.a(lib_a-exit.o)
_extint_dev                                       src/ASF/sam0/drivers/extint/extint_sam_d_r/extint.o
                                                  src/ASF/sam0/drivers/extint/extint_callback.o
_ezero                                            src/ASF/sam0/utils/cmsis/samd21/source/gcc/startup_samd21.o
_fflush_r                                         d:/program files/atmel/studio/7.0/toolchain/arm/arm-gnu-toolchain/bin/../lib/gcc/arm-none-eabi/4.9.3/../../../../arm-none-eabi/lib/armv6-m\libc_nano.a(lib_a-fflush.o)
                                                  d:/program files/atmel/studio/7.0/toolchain/arm/arm-gnu-toolchain/bin/../lib/gcc/arm-none-eabi/4.9.3/../../../../arm-none-eabi/lib/armv6-m\libc_nano.a(lib_a-fvwrite.o)
                                                  d:/program files/atmel/studio/7.0/toolchain/arm/arm-gnu-toolchain/bin/../lib/gcc/arm-none-eabi/4.9.3/../../../../arm-none-eabi/lib/armv6-m\libc_nano.a(lib_a-wbuf.o)
                                                  d:/program files/atmel/studio/7.0/toolchain/arm/arm-gnu-toolchain/bin/../lib/gcc/arm-none-eabi/4.9.3/../../../../arm-none-eabi/lib/armv6-m\libc_nano.a(lib_a-findfp.o)
_fini                                             d:/program files/atmel/studio/7.0/toolchain/arm/arm-gnu-toolchain/bin/../lib/gcc/arm-none-eabi/4.9.3/armv6-m/crti.o
_free_r                                           d:/program files/atmel/studio/7.0/toolchain/arm/arm-gnu-toolchain/bin/../lib/gcc/arm-none-eabi/4.9.3/../../../../arm-none-eabi/lib/armv6-m\libc_nano.a(lib_a-nano-freer.o)
                                                  d:/program files/atmel/studio/7.0/toolchain/arm/arm-gnu-toolchain/bin/../lib/gcc/arm-none-eabi/4.9.3/../../../../arm-none-eabi/lib/armv6-m\libc_nano.a(lib_a-reent.o)
                                                  d:/program files/atmel/studio/7.0/toolchain/arm/arm-gnu-toolchain/bin/../lib/gcc/arm-none-eabi/4.9.3/../../../../arm-none-eabi/lib/armv6-m\libc_nano.a(lib_a-nano-reallocr.o)
                                                  d:/program files/atmel/studio/7.0/toolchain/arm/arm-gnu-toolchain/bin/../lib/gcc/arm-none-eabi/4.9.3/../../../../arm-none-eabi/lib/armv6-m\libc_nano.a(lib_a-fvwrite.o)
                                                  d:/program files/atmel/studio/7.0/toolchain/arm/arm-gnu-toolchain/bin/../lib/gcc/arm-none-eabi/4.9.3/../../../../arm-none-eabi/lib/armv6-m\libc_nano.a(lib_a-fflush.o)
                                                  d:/program files/atmel/studio/7.0/toolchain/arm/arm-gnu-toolchain/bin/../lib/gcc/arm-none-eabi/4.9.3/../../../../arm-none-eabi/lib/armv6-m\libc_nano.a(lib_a-wsetup.o)
_fstat                                            src/ASF/sam0/utils/syscalls/gcc/syscalls.o
                                                  d:/program files/atmel/studio/7.0/toolchain/arm/arm-gnu-toolchain/bin/../lib/gcc/arm-none-eabi/4.9.3/../../../../arm-none-eabi/lib/armv6-m\libc_nano.a(lib_a-fstatr.o)
_fstat_r                                          d:/program files/atmel/studio/7.0/toolchain/arm/arm-gnu-toolchain/bin/../lib/gcc/arm-none-eabi/4.9.3/../../../../arm-none-eabi/lib/armv6-m\libc_nano.a(lib_a-fstatr.o)
                                                  d:/program files/atmel/studio/7.0/toolchain/arm/arm-gnu-toolchain/bin/../lib/gcc/arm-none-eabi/4.9.3/../../../../arm-none-eabi/lib/armv6-m\libc_nano.a(lib_a-makebuf.o)
_fwalk                                            d:/program files/atmel/studio/7.0/toolchain/arm/arm-gnu-toolchain/bin/../lib/gcc/arm-none-eabi/4.9.3/../../../../arm-none-eabi/lib/armv6-m\libc_nano.a(lib_a-fwalk.o)
                                                  d:/program files/atmel/studio/7.0/toolchain/arm/arm-gnu-toolchain/bin/../lib/gcc/arm-none-eabi/4.9.3/../../../../arm-none-eabi/lib/armv6-m\libc_nano.a(lib_a-findfp.o)
_fwalk_reent                                      d:/program files/atmel/studio/7.0/toolchain/arm/arm-gnu-toolchain/bin/../lib/gcc/arm-none-eabi/4.9.3/../../../../arm-none-eabi/lib/armv6-m\libc_nano.a(lib_a-fwalk.o)
                                                  d:/program files/atmel/studio/7.0/toolchain/arm/arm-gnu-toolchain/bin/../lib/gcc/arm-none-eabi/4.9.3/../../../../arm-none-eabi/lib/armv6-m\libc_nano.a(lib_a-fflush.o)
                                                  d:/program files/atmel/studio/7.0/toolchain/arm/arm-gnu-toolchain/bin/../lib/gcc/arm-none-eabi/4.9.3/../../../../arm-none-eabi/lib/armv6-m\libc_nano.a(lib_a-findfp.o)
_getpid                                           src/ASF/sam0/utils/syscalls/gcc/syscalls.o
_global_impure_ptr                                d:/program files/atmel/studio/7.0/toolchain/arm/arm-gnu-toolchain/bin/../lib/gcc/arm-none-eabi/4.9.3/../../../../arm-none-eabi/lib/armv6-m\libc_nano.a(lib_a-impure.o)
                                                  d:/program files/atmel/studio/7.0/toolchain/arm/arm-gnu-toolchain/bin/../lib/gcc/arm-none-eabi/4.9.3/../../../../arm-none-eabi/lib/armv6-m\libc_nano.a(lib_a-fflush.o)
                                                  d:/program files/atmel/studio/7.0/toolchain/arm/arm-gnu-toolchain/bin/../lib/gcc/arm-none-eabi/4.9.3/../../../../arm-none-eabi/lib/armv6-m\libc_nano.a(lib_a-findfp.o)
                                                  d:/program files/atmel/studio/7.0/toolchain/arm/arm-gnu-toolchain/bin/../lib/gcc/arm-none-eabi/4.9.3/../../../../arm-none-eabi/lib/armv6-m\libc_nano.a(lib_a-exit.o)
_impure_ptr                                       d:/program files/atmel/studio/7.0/toolchain/arm/arm-gnu-toolchain/bin/../lib/gcc/arm-none-eabi/4.9.3/../../../../arm-none-eabi/lib/armv6-m\libc_nano.a(lib_a-impure.o)
                                                  d:/program files/atmel/studio/7.0/toolchain/arm/arm-gnu-toolchain/bin/../lib/gcc/arm-none-eabi/4.9.3/../../../../arm-none-eabi/lib/armv6-m\libc_nano.a(lib_a-reent.o)
                                                  d:/program files/atmel/studio/7.0/toolchain/arm/arm-gnu-toolchain/bin/../lib/gcc/arm-none-eabi/4.9.3/../../../../arm-none-eabi/lib/armv6-m\libc_nano.a(lib_a-fflush.o)
                                                  d:/program files/atmel/studio/7.0/toolchain/arm/arm-gnu-toolchain/bin/../lib/gcc/arm-none-eabi/4.9.3/../../../../arm-none-eabi/lib/armv6-m\libc_nano.a(lib_a-wsetup.o)
                                                  d:/program files/atmel/studio/7.0/toolchain/arm/arm-gnu-toolchain/bin/../lib/gcc/arm-none-eabi/4.9.3/../../../../arm-none-eabi/lib/armv6-m\libc_nano.a(lib_a-wbuf.o)
                                                  d:/program files/atmel/studio/7.0/toolchain/arm/arm-gnu-toolchain/bin/../lib/gcc/arm-none-eabi/4.9.3/../../../../arm-none-eabi/lib/armv6-m\libc_nano.a(lib_a-nano-vfprintf.o)
                                                  d:/program files/atmel/studio/7.0/toolchain/arm/arm-gnu-toolchain/bin/../lib/gcc/arm-none-eabi/4.9.3/../../../../arm-none-eabi/lib/armv6-m\libc_nano.a(lib_a-findfp.o)
                                                  d:/program files/atmel/studio/7.0/toolchain/arm/arm-gnu-toolchain/bin/../lib/gcc/arm-none-eabi/4.9.3/../../../../arm-none-eabi/lib/armv6-m\libc_nano.a(lib_a-printf.o)
_init                                             d:/program files/atmel/studio/7.0/toolchain/arm/arm-gnu-toolchain/bin/../lib/gcc/arm-none-eabi/4.9.3/armv6-m/crti.o
                                                  d:/program files/atmel/studio/7.0/toolchain/arm/arm-gnu-toolchain/bin/../lib/gcc/arm-none-eabi/4.9.3/../../../../arm-none-eabi/lib/armv6-m\libc_nano.a(lib_a-init.o)
_iprintf_r                                        d:/program files/atmel/studio/7.0/toolchain/arm/arm-gnu-toolchain/bin/../lib/gcc/arm-none-eabi/4.9.3/../../../../arm-none-eabi/lib/armv6-m\libc_nano.a(lib_a-printf.o)
_isatty                                           src/ASF/sam0/utils/syscalls/gcc/syscalls.o
                                                  d:/program files/atmel/studio/7.0/toolchain/arm/arm-gnu-toolchain/bin/../lib/gcc/arm-none-eabi/4.9.3/../../../../arm-none-eabi/lib/armv6-m\libc_nano.a(lib_a-isattyr.o)
_isatty_r                                         d:/program files/atmel/studio/7.0/toolchain/arm/arm-gnu-toolchain/bin/../lib/gcc/arm-none-eabi/4.9.3/../../../../arm-none-eabi/lib/armv6-m\libc_nano.a(lib_a-isattyr.o)
                                                  d:/program files/atmel/studio/7.0/toolchain/arm/arm-gnu-toolchain/bin/../lib/gcc/arm-none-eabi/4.9.3/../../../../arm-none-eabi/lib/armv6-m\libc_nano.a(lib_a-makebuf.o)
_kill                                             src/ASF/sam0/utils/syscalls/gcc/syscalls.o
_lseek                                            src/ASF/sam0/utils/syscalls/gcc/syscalls.o
                                                  d:/program files/atmel/studio/7.0/toolchain/arm/arm-gnu-toolchain/bin/../lib/gcc/arm-none-eabi/4.9.3/../../../../arm-none-eabi/lib/armv6-m\libc_nano.a(lib_a-lseekr.o)
_lseek_r                                          d:/program files/atmel/studio/7.0/toolchain/arm/arm-gnu-toolchain/bin/../lib/gcc/arm-none-eabi/4.9.3/../../../../arm-none-eabi/lib/armv6-m\libc_nano.a(lib_a-lseekr.o)
                                                  d:/program files/atmel/studio/7.0/toolchain/arm/arm-gnu-toolchain/bin/../lib/gcc/arm-none-eabi/4.9.3/../../../../arm-none-eabi/lib/armv6-m\libc_nano.a(lib_a-stdio.o)
_mainCRTStartup                                   d:/program files/atmel/studio/7.0/toolchain/arm/arm-gnu-toolchain/bin/../lib/gcc/arm-none-eabi/4.9.3/../../../../arm-none-eabi/lib/armv6-m/crt0.o
_malloc_r                                         d:/program files/atmel/studio/7.0/toolchain/arm/arm-gnu-toolchain/bin/../lib/gcc/arm-none-eabi/4.9.3/../../../../arm-none-eabi/lib/armv6-m\libc_nano.a(lib_a-nano-mallocr.o)
                                                  d:/program files/atmel/studio/7.0/toolchain/arm/arm-gnu-toolchain/bin/../lib/gcc/arm-none-eabi/4.9.3/../../../../arm-none-eabi/lib/armv6-m\libc_nano.a(lib_a-nano-reallocr.o)
                                                  d:/program files/atmel/studio/7.0/toolchain/arm/arm-gnu-toolchain/bin/../lib/gcc/arm-none-eabi/4.9.3/../../../../arm-none-eabi/lib/armv6-m\libc_nano.a(lib_a-makebuf.o)
                                                  d:/program files/atmel/studio/7.0/toolchain/arm/arm-gnu-toolchain/bin/../lib/gcc/arm-none-eabi/4.9.3/../../../../arm-none-eabi/lib/armv6-m\libc_nano.a(lib_a-fvwrite.o)
                                                  d:/program files/atmel/studio/7.0/toolchain/arm/arm-gnu-toolchain/bin/../lib/gcc/arm-none-eabi/4.9.3/../../../../arm-none-eabi/lib/armv6-m\libc_nano.a(lib_a-findfp.o)
_malloc_usable_size_r                             d:/program files/atmel/studio/7.0/toolchain/arm/arm-gnu-toolchain/bin/../lib/gcc/arm-none-eabi/4.9.3/../../../../arm-none-eabi/lib/armv6-m\libc_nano.a(lib_a-nano-msizer.o)
                                                  d:/program files/atmel/studio/7.0/toolchain/arm/arm-gnu-toolchain/bin/../lib/gcc/arm-none-eabi/4.9.3/../../../../arm-none-eabi/lib/armv6-m\libc_nano.a(lib_a-nano-reallocr.o)
_printf_common                                    d:/program files/atmel/studio/7.0/toolchain/arm/arm-gnu-toolchain/bin/../lib/gcc/arm-none-eabi/4.9.3/../../../../arm-none-eabi/lib/armv6-m\libc_nano.a(lib_a-nano-vfprintf_i.o)
_printf_float                                     d:/program files/atmel/studio/7.0/toolchain/arm/arm-gnu-toolchain/bin/../lib/gcc/arm-none-eabi/4.9.3/../../../../arm-none-eabi/lib/armv6-m\libc_nano.a(lib_a-nano-vfprintf.o)
_printf_i                                         d:/program files/atmel/studio/7.0/toolchain/arm/arm-gnu-toolchain/bin/../lib/gcc/arm-none-eabi/4.9.3/../../../../arm-none-eabi/lib/armv6-m\libc_nano.a(lib_a-nano-vfprintf_i.o)
                                                  d:/program files/atmel/studio/7.0/toolchain/arm/arm-gnu-toolchain/bin/../lib/gcc/arm-none-eabi/4.9.3/../../../../arm-none-eabi/lib/armv6-m\libc_nano.a(lib_a-nano-vfprintf.o)
_printf_r                                         d:/program files/atmel/studio/7.0/toolchain/arm/arm-gnu-toolchain/bin/../lib/gcc/arm-none-eabi/4.9.3/../../../../arm-none-eabi/lib/armv6-m\libc_nano.a(lib_a-printf.o)
_read                                             d:/program files/atmel/studio/7.0/toolchain/arm/arm-gnu-toolchain/bin/../lib/gcc/arm-none-eabi/4.9.3/../../../../arm-none-eabi/lib/armv6-m\libc_nano.a(lib_a-readr.o)
_read_r                                           d:/program files/atmel/studio/7.0/toolchain/arm/arm-gnu-toolchain/bin/../lib/gcc/arm-none-eabi/4.9.3/../../../../arm-none-eabi/lib/armv6-m\libc_nano.a(lib_a-readr.o)
                                                  d:/program files/atmel/studio/7.0/toolchain/arm/arm-gnu-toolchain/bin/../lib/gcc/arm-none-eabi/4.9.3/../../../../arm-none-eabi/lib/armv6-m\libc_nano.a(lib_a-stdio.o)
_realloc_r                                        d:/program files/atmel/studio/7.0/toolchain/arm/arm-gnu-toolchain/bin/../lib/gcc/arm-none-eabi/4.9.3/../../../../arm-none-eabi/lib/armv6-m\libc_nano.a(lib_a-nano-reallocr.o)
                                                  d:/program files/atmel/studio/7.0/toolchain/arm/arm-gnu-toolchain/bin/../lib/gcc/arm-none-eabi/4.9.3/../../../../arm-none-eabi/lib/armv6-m\libc_nano.a(lib_a-fvwrite.o)
_reclaim_reent                                    d:/program files/atmel/studio/7.0/toolchain/arm/arm-gnu-toolchain/bin/../lib/gcc/arm-none-eabi/4.9.3/../../../../arm-none-eabi/lib/armv6-m\libc_nano.a(lib_a-reent.o)
_sbrk                                             src/ASF/sam0/utils/syscalls/gcc/syscalls.o
                                                  d:/program files/atmel/studio/7.0/toolchain/arm/arm-gnu-toolchain/bin/../lib/gcc/arm-none-eabi/4.9.3/../../../../arm-none-eabi/lib/armv6-m\libc_nano.a(lib_a-sbrkr.o)
_sbrk_r                                           d:/program files/atmel/studio/7.0/toolchain/arm/arm-gnu-toolchain/bin/../lib/gcc/arm-none-eabi/4.9.3/../../../../arm-none-eabi/lib/armv6-m\libc_nano.a(lib_a-sbrkr.o)
                                                  d:/program files/atmel/studio/7.0/toolchain/arm/arm-gnu-toolchain/bin/../lib/gcc/arm-none-eabi/4.9.3/../../../../arm-none-eabi/lib/armv6-m\libc_nano.a(lib_a-nano-mallocr.o)
_sfixed                                           src/ASF/sam0/utils/cmsis/samd21/source/gcc/startup_samd21.o
_srelocate                                        src/ASF/sam0/utils/cmsis/samd21/source/gcc/startup_samd21.o
_start                                            d:/program files/atmel/studio/7.0/toolchain/arm/arm-gnu-toolchain/bin/../lib/gcc/arm-none-eabi/4.9.3/../../../../arm-none-eabi/lib/armv6-m/crt0.o
_system_divas_init                                src/ASF/sam0/drivers/system/system.o
_system_dummy_init                                src/ASF/sam0/drivers/system/system.o
_system_events_init                               src/ASF/sam0/drivers/events/events_sam_d_r/events.o
_system_extint_init                               src/ASF/sam0/drivers/extint/extint_sam_d_r/extint.o
_szero                                            src/ASF/sam0/utils/cmsis/samd21/source/gcc/startup_samd21.o
_tc_get_inst_index                                src/ASF/sam0/drivers/tc/tc_sam_d_r/tc.o
_tc_instances                                     src/ASF/sam0/drivers/tc/tc_interrupt.o
                                                  src/ASF/sam0/drivers/tc/tc_sam_d_r/tc.o
_tc_interrupt_handler                             src/ASF/sam0/drivers/tc/tc_interrupt.o
_vfiprintf_r                                      d:/program files/atmel/studio/7.0/toolchain/arm/arm-gnu-toolchain/bin/../lib/gcc/arm-none-eabi/4.9.3/../../../../arm-none-eabi/lib/armv6-m\libc_nano.a(lib_a-nano-vfprintf.o)
_vfprintf_r                                       d:/program files/atmel/studio/7.0/toolchain/arm/arm-gnu-toolchain/bin/../lib/gcc/arm-none-eabi/4.9.3/../../../../arm-none-eabi/lib/armv6-m\libc_nano.a(lib_a-nano-vfprintf.o)
                                                  d:/program files/atmel/studio/7.0/toolchain/arm/arm-gnu-toolchain/bin/../lib/gcc/arm-none-eabi/4.9.3/../../../../arm-none-eabi/lib/armv6-m\libc_nano.a(lib_a-printf.o)
_write                                            d:/program files/atmel/studio/7.0/toolchain/arm/arm-gnu-toolchain/bin/../lib/gcc/arm-none-eabi/4.9.3/../../../../arm-none-eabi/lib/armv6-m\libc_nano.a(lib_a-writer.o)
_write_r                                          d:/program files/atmel/studio/7.0/toolchain/arm/arm-gnu-toolchain/bin/../lib/gcc/arm-none-eabi/4.9.3/../../../../arm-none-eabi/lib/armv6-m\libc_nano.a(lib_a-writer.o)
                                                  d:/program files/atmel/studio/7.0/toolchain/arm/arm-gnu-toolchain/bin/../lib/gcc/arm-none-eabi/4.9.3/../../../../arm-none-eabi/lib/armv6-m\libc_nano.a(lib_a-stdio.o)
atexit                                            d:/program files/atmel/studio/7.0/toolchain/arm/arm-gnu-toolchain/bin/../lib/gcc/arm-none-eabi/4.9.3/../../../../arm-none-eabi/lib/armv6-m/crt0.o
board_init                                        src/ASF/common2/boards/user_board/init.o
cleanup_glue                                      d:/program files/atmel/studio/7.0/toolchain/arm/arm-gnu-toolchain/bin/../lib/gcc/arm-none-eabi/4.9.3/../../../../arm-none-eabi/lib/armv6-m\libc_nano.a(lib_a-reent.o)
configure_extint_callbacks                        src/main.o
configure_extint_channel                          src/main.o
configure_tc                                      src/main.o
cpu_irq_enter_critical                            src/ASF/common/utils/interrupt/interrupt_sam_nvic.o
                                                  src/ASF/sam0/drivers/system/clock/clock_samd21_r21_da/gclk.o
                                                  src/ASF/sam0/drivers/events/events_sam_d_r/events.o
cpu_irq_leave_critical                            src/ASF/common/utils/interrupt/interrupt_sam_nvic.o
                                                  src/ASF/sam0/drivers/system/clock/clock_samd21_r21_da/gclk.o
                                                  src/ASF/sam0/drivers/events/events_sam_d_r/events.o
delay_cycles_ms                                   src/ASF/common2/services/delay/sam0/systick_counter.o
delay_cycles_us                                   src/ASF/common2/services/delay/sam0/systick_counter.o
delay_init                                        src/ASF/common2/services/delay/sam0/systick_counter.o
                                                  src/main.o
errno                                             d:/program files/atmel/studio/7.0/toolchain/arm/arm-gnu-toolchain/bin/../lib/gcc/arm-none-eabi/4.9.3/../../../../arm-none-eabi/lib/armv6-m\libc_nano.a(lib_a-reent.o)
                                                  d:/program files/atmel/studio/7.0/toolchain/arm/arm-gnu-toolchain/bin/../lib/gcc/arm-none-eabi/4.9.3/../../../../arm-none-eabi/lib/armv6-m\libc_nano.a(lib_a-isattyr.o)
                                                  d:/program files/atmel/studio/7.0/toolchain/arm/arm-gnu-toolchain/bin/../lib/gcc/arm-none-eabi/4.9.3/../../../../arm-none-eabi/lib/armv6-m\libc_nano.a(lib_a-fstatr.o)
                                                  d:/program files/atmel/studio/7.0/toolchain/arm/arm-gnu-toolchain/bin/../lib/gcc/arm-none-eabi/4.9.3/../../../../arm-none-eabi/lib/armv6-m\libc_nano.a(lib_a-readr.o)
                                                  d:/program files/atmel/studio/7.0/toolchain/arm/arm-gnu-toolchain/bin/../lib/gcc/arm-none-eabi/4.9.3/../../../../arm-none-eabi/lib/armv6-m\libc_nano.a(lib_a-lseekr.o)
                                                  d:/program files/atmel/studio/7.0/toolchain/arm/arm-gnu-toolchain/bin/../lib/gcc/arm-none-eabi/4.9.3/../../../../arm-none-eabi/lib/armv6-m\libc_nano.a(lib_a-closer.o)
                                                  d:/program files/atmel/studio/7.0/toolchain/arm/arm-gnu-toolchain/bin/../lib/gcc/arm-none-eabi/4.9.3/../../../../arm-none-eabi/lib/armv6-m\libc_nano.a(lib_a-writer.o)
                                                  d:/program files/atmel/studio/7.0/toolchain/arm/arm-gnu-toolchain/bin/../lib/gcc/arm-none-eabi/4.9.3/../../../../arm-none-eabi/lib/armv6-m\libc_nano.a(lib_a-sbrkr.o)